[0m[ INFO] [1788753401.650965457]: generating maze with width 20 , height 20[0m
[0m[ INFO] [1788753401.651463309]: entered 5*5 mode[0m
0 0 0 0 0 0 0 0 0 0 0 0 0 0 0 0 1 0 0 0
0 0 0 0 0 0 0 0 0 0 0 0 0 0 0 0 1 0 0 0
0 0 0 0 0 0 0 0 0 0 0 0 0 0 0 0 1 0 0 0
0 0 0 0 0 0 0 0 0 0 0 0 0 0 0 0 1 0 0 0
0 0 0 0 0 0 0 0 0 0 0 0 0 0 0 0 0 0 0 0
0 0 0 0 0 0 0 0 0 0 0 0 0 0 0 0 1 0 0 0
0 0 0 0 0 0 0 0 0 0 0 0 0 0 0 0 1 0 0 0
0 1 1 1 1 1 1 1 1 1 1 1 1 1 1 1 1 0 1 1
0 0 0 0 0 0 0 0 0 0 0 0 0 0 0 0 1 0 0 0
0 0 0 0 0 0 0 0 0 0 0 0 0 0 0 0 1 0 0 0
0 0 0 0 0 0 0 0 0 0 0 0 0 0 0 0 1 0 0 0
0 0 0 0 0 0 0 0 0 0 0 0 0 0 0 0 1 0 0 0
0 0 0 0 0 0 0 0 0 0 0 0 0 0 0 0 1 0 0 0
0 0 0 0 0 0 0 0 0 0 0 0 0 0 0 0 1 0 0 0
0 0 0 0 0 0 0 0 0 0 0 0 0 0 0 0 1 0 0 0
0 0 0 0 0 0 0 0 0 0 0 0 0 0 0 0 1 0 0 0
0 0 0 0 0 0 0 0 0 0 0 0 0 0 0 0 1 0 0 0
0 0 0 0 0 0 0 0 0 0 0 0 0 0 0 0 1 0 0 0
0 0 0 0 0 0 0 0 0 0 0 0 0 0 0 0 1 0 0 0
0 0 0 0 0 0 0 0 0 0 0 0 0 0 0 0 1 0 0 0
[0m[ INFO] [1788753401.651592287]: generating maze with width 7 , height 16[0m
[0m[ INFO] [1788753401.651596021]: entered 5*5 mode[0m
0 0 0 0 0 0 0 0 0 0 0 1 0 0 0 0 1 0 0 0
0 0 0 0 0 0 0 0 0 0 0 1 0 0 0 0 1 0 0 0
0 0 0 0 0 0 0 0 0 0 0 1 0 0 0 0 1 0 0 0
0 0 0 0 0 0 0 0 0 0 0 1 0 0 0 0 1 0 0 0
0 0 0 0 0 0 0 0 0 0 0 1 0 0 0 0 0 0 0 0
1 1 1 1 1 0 1 1 1 1 1 1 1 1 0 1 1 0 0 0
0 0 0 0 0 0 0 0 0 0 0 0 0 0 0 0 1 0 0 0
0 1 1 1 1 1 1 1 1 1 1 1 1 1 1 1 1 0 1 1
0 0 0 0 0 0 0 0 0 0 0 0 0 0 0 0 1 0 0 0
0 0 0 0 0 0 0 0 0 0 0 0 0 0 0 0 1 0 0 0
0 0 0 0 0 0 0 0 0 0 0 0 0 0 0 0 1 0 0 0
0 0 0 0 0 0 0 0 0 0 0 0 0 0 0 0 1 0 0 0
0 0 0 0 0 0 0 0 0 0 0 0 0 0 0 0 1 0 0 0
0 0 0 0 0 0 0 0 0 0 0 0 0 0 0 0 1 0 0 0
0 0 0 0 0 0 0 0 0 0 0 0 0 0 0 0 1 0 0 0
0 0 0 0 0 0 0 0 0 0 0 0 0 0 0 0 1 0 0 0
0 0 0 0 0 0 0 0 0 0 0 0 0 0 0 0 1 0 0 0
0 0 0 0 0 0 0 0 0 0 0 0 0 0 0 0 1 0 0 0
0 0 0 0 0 0 0 0 0 0 0 0 0 0 0 0 1 0 0 0
0 0 0 0 0 0 0 0 0 0 0 0 0 0 0 0 1 0 0 0
[0m[ INFO] [1788753401.651715129]: generating maze with width 5 , height 11[0m
[0m[ INFO] [1788753401.651718043]: entered 5*5 mode[0m
0 0 0 0 0 0 0 0 0 0 0 1 0 0 0 0 1 0 0 0
1 1 0 1 1 1 1 1 1 1 1 1 0 0 0 0 1 0 0 0
0 0 0 0 0 0 0 1 0 0 0 1 0 0 0 0 1 0 0 0
0 0 0 0 0 0 0 1 0 0 0 1 0 0 0 0 1 0 0 0
0 0 0 0 0 0 0 0 0 0 0 1 0 0 0 0 0 0 0 0
1 1 1 1 1 0 1 1 1 1 1 1 1 1 0 1 1 0 0 0
0 0 0 0 0 0 0 0 0 0 0 0 0 0 0 0 1 0 0 0
0 1 1 1 1 1 1 1 1 1 1 1 1 1 1 1 1 0 1 1
0 0 0 0 0 0 0 0 0 0 0 0 0 0 0 0 1 0 0 0
0 0 0 0 0 0 0 0 0 0 0 0 0 0 0 0 1 0 0 0
0 0 0 0 0 0 0 0 0 0 0 0 0 0 0 0 1 0 0 0
0 0 0 0 0 0 0 0 0 0 0 0 0 0 0 0 1 0 0 0
0 0 0 0 0 0 0 0 0 0 0 0 0 0 0 0 1 0 0 0
0 0 0 0 0 0 0 0 0 0 0 0 0 0 0 0 1 0 0 0
0 0 0 0 0 0 0 0 0 0 0 0 0 0 0 0 1 0 0 0
0 0 0 0 0 0 0 0 0 0 0 0 0 0 0 0 1 0 0 0
0 0 0 0 0 0 0 0 0 0 0 0 0 0 0 0 1 0 0 0
0 0 0 0 0 0 0 0 0 0 0 0 0 0 0 0 1 0 0 0
0 0 0 0 0 0 0 0 0 0 0 0 0 0 0 0 1 0 0 0
0 0 0 0 0 0 0 0 0 0 0 0 0 0 0 0 1 0 0 0
[0m[ INFO] [1788753401.651832590]: generating maze with width 1 , height 7[0m
[0m[ INFO] [1788753401.651835818]: finished generating maze with width 1 , height 7[0m
[0m[ INFO] [1788753401.651838998]: generating maze with width 3 , height 7[0m
[0m[ INFO] [1788753401.651842673]: entered 3*4+ mode[0m
[0m[ INFO] [1788753401.651845843]: generating maze with width 1 , height 3[0m
[0m[ INFO] [1788753401.651848849]: finished generating maze with width 1 , height 3[0m
[0m[ INFO] [1788753401.651851811]: generating maze with width 3 , height 3[0m
[0m[ INFO] [1788753401.651855269]: finished generating maze with width 5 , height 11[0m
0 0 0 0 0 0 0 0 0 0 0 1 0 0 0 0 1 0 0 0
1 1 0 1 1 1 1 1 1 1 1 1 0 0 0 0 1 0 0 0
0 0 0 0 0 0 0 1 0 0 0 1 0 0 0 0 1 0 0 0
1 1 0 1 1 1 1 1 0 1 0 1 0 0 0 0 1 0 0 0
0 0 0 0 0 0 0 0 0 0 0 1 0 0 0 0 0 0 0 0
1 1 1 1 1 0 1 1 1 1 1 1 1 1 0 1 1 0 0 0
0 0 0 0 0 0 0 0 0 0 0 0 0 0 0 0 1 0 0 0
0 1 1 1 1 1 1 1 1 1 1 1 1 1 1 1 1 0 1 1
0 0 0 0 0 0 0 0 0 0 0 0 0 0 0 0 1 0 0 0
0 0 0 0 0 0 0 0 0 0 0 0 0 0 0 0 1 0 0 0
0 0 0 0 0 0 0 0 0 0 0 0 0 0 0 0 1 0 0 0
0 0 0 0 0 0 0 0 0 0 0 0 0 0 0 0 1 0 0 0
0 0 0 0 0 0 0 0 0 0 0 0 0 0 0 0 1 0 0 0
0 0 0 0 0 0 0 0 0 0 0 0 0 0 0 0 1 0 0 0
0 0 0 0 0 0 0 0 0 0 0 0 0 0 0 0 1 0 0 0
0 0 0 0 0 0 0 0 0 0 0 0 0 0 0 0 1 0 0 0
0 0 0 0 0 0 0 0 0 0 0 0 0 0 0 0 1 0 0 0
0 0 0 0 0 0 0 0 0 0 0 0 0 0 0 0 1 0 0 0
0 0 0 0 0 0 0 0 0 0 0 0 0 0 0 0 1 0 0 0
0 0 0 0 0 0 0 0 0 0 0 0 0 0 0 0 1 0 0 0
[0m[ INFO] [1788753401.651971462]: generating maze with width 1 , height 11[0m
[0m[ INFO] [1788753401.651974504]: finished generating maze with width 1 , height 11[0m
[0m[ INFO] [1788753401.651977559]: generating maze with width 5 , height 4[0m
0 0 0 0 0 0 0 0 0 0 0 1 0 0 0 0 1 0 0 0
1 1 0 1 1 1 1 1 1 1 1 1 0 1 1 1 1 0 0 0
0 0 0 0 0 0 0 1 0 0 0 1 0 1 0 0 1 0 0 0
1 1 0 1 1 1 1 1 0 1 0 1 0 0 0 0 1 0 0 0
0 0 0 0 0 0 0 0 0 0 0 1 0 1 0 0 0 0 0 0
1 1 1 1 1 0 1 1 1 1 1 1 1 1 0 1 1 0 0 0
0 0 0 0 0 0 0 0 0 0 0 0 0 0 0 0 1 0 0 0
0 1 1 1 1 1 1 1 1 1 1 1 1 1 1 1 1 0 1 1
0 0 0 0 0 0 0 0 0 0 0 0 0 0 0 0 1 0 0 0
0 0 0 0 0 0 0 0 0 0 0 0 0 0 0 0 1 0 0 0
0 0 0 0 0 0 0 0 0 0 0 0 0 0 0 0 1 0 0 0
0 0 0 0 0 0 0 0 0 0 0 0 0 0 0 0 1 0 0 0
0 0 0 0 0 0 0 0 0 0 0 0 0 0 0 0 1 0 0 0
0 0 0 0 0 0 0 0 0 0 0 0 0 0 0 0 1 0 0 0
0 0 0 0 0 0 0 0 0 0 0 0 0 0 0 0 1 0 0 0
0 0 0 0 0 0 0 0 0 0 0 0 0 0 0 0 1 0 0 0
0 0 0 0 0 0 0 0 0 0 0 0 0 0 0 0 1 0 0 0
0 0 0 0 0 0 0 0 0 0 0 0 0 0 0 0 1 0 0 0
0 0 0 0 0 0 0 0 0 0 0 0 0 0 0 0 1 0 0 0
0 0 0 0 0 0 0 0 0 0 0 0 0 0 0 0 1 0 0 0
[0m[ INFO] [1788753401.652094896]: finished generating maze with width 5 , height 4[0m
0 0 0 0 0 0 0 0 0 0 0 1 0 0 0 0 1 0 0 0
1 1 0 1 1 1 1 1 1 1 1 1 0 1 1 1 1 0 0 0
0 0 0 0 0 0 0 1 0 0 0 1 0 1 0 0 1 0 0 0
1 1 0 1 1 1 1 1 0 1 0 1 0 0 0 0 1 0 0 0
0 0 0 0 0 0 0 0 0 0 0 1 0 1 0 0 0 0 0 0
1 1 1 1 1 0 1 1 1 1 1 1 1 1 0 1 1 0 0 0
0 0 0 0 0 0 0 0 0 0 0 0 0 0 0 0 1 0 0 0
0 1 1 1 1 1 1 1 1 1 1 1 1 1 1 1 1 0 1 1
0 0 0 0 0 0 0 0 0 0 0 0 0 0 0 0 1 0 0 0
0 0 0 0 0 0 0 0 0 0 0 0 0 0 0 0 1 0 0 0
0 0 0 0 0 0 0 0 0 0 0 0 0 0 0 0 1 0 0 0
0 0 0 0 0 0 0 0 0 0 0 0 0 0 0 0 1 0 0 0
0 0 0 0 0 0 0 0 0 0 0 0 0 0 0 0 1 0 0 0
0 0 0 0 0 0 0 0 0 0 0 0 0 0 0 0 1 0 0 0
0 0 0 0 0 0 0 0 0 0 0 0 0 0 0 0 1 0 0 0
0 0 0 0 0 0 0 0 0 0 0 0 0 0 0 0 1 0 0 0
0 0 0 0 0 0 0 0 0 0 0 0 0 0 0 0 1 0 0 0
0 0 0 0 0 0 0 0 0 0 0 0 0 0 0 0 1 0 0 0
0 0 0 0 0 0 0 0 0 0 0 0 0 0 0 0 1 0 0 0
0 0 0 0 0 0 0 0 0 0 0 0 0 0 0 0 1 0 0 0
[0m[ INFO] [1788753401.652209466]: generating maze with width 1 , height 4[0m
[0m[ INFO] [1788753401.652212510]: finished generating maze with width 1 , height 4[0m
[0m[ INFO] [1788753401.652216198]: finished generating maze with width 7 , height 16[0m
0 0 0 0 0 0 0 0 0 0 0 1 0 0 0 0 1 0 0 0
1 1 0 1 1 1 1 1 1 1 1 1 0 1 1 1 1 0 0 0
0 0 0 0 0 0 0 1 0 0 0 1 0 1 0 0 1 0 0 0
1 1 0 1 1 1 1 1 0 1 0 1 0 0 0 0 1 0 0 0
0 0 0 0 0 0 0 0 0 0 0 1 0 1 0 0 0 0 0 0
1 1 1 1 1 0 1 1 1 1 1 1 1 1 0 1 1 0 0 0
0 0 0 0 0 0 0 0 0 0 0 0 0 0 0 0 1 0 0 0
0 1 1 1 1 1 1 1 1 1 1 1 1 1 1 1 1 0 1 1
0 0 0 0 0 0 0 0 0 0 0 0 0 0 0 0 1 0 0 0
0 0 0 0 0 0 0 0 0 0 0 0 0 0 0 0 1 0 0 0
0 0 0 0 0 0 0 0 0 0 0 0 0 0 0 0 1 0 0 0
0 0 0 0 0 0 0 0 0 0 0 0 0 0 0 0 1 0 0 0
0 0 0 0 0 0 0 0 0 0 0 0 0 0 0 0 1 0 0 0
0 0 0 0 0 0 0 0 0 0 0 0 0 0 0 0 1 0 0 0
0 0 0 0 0 0 0 0 0 0 0 0 0 0 0 0 1 0 0 0
0 0 0 0 0 0 0 0 0 0 0 0 0 0 0 0 1 0 0 0
0 0 0 0 0 0 0 0 0 0 0 0 0 0 0 0 1 0 0 0
0 0 0 0 0 0 0 0 0 0 0 0 0 0 0 0 1 0 0 0
0 0 0 0 0 0 0 0 0 0 0 0 0 0 0 0 1 0 0 0
0 0 0 0 0 0 0 0 0 0 0 0 0 0 0 0 1 0 0 0
[0m[ INFO] [1788753401.652329066]: generating maze with width 12 , height 16[0m
[0m[ INFO] [1788753401.652332121]: entered 5*5 mode[0m
0 0 0 0 0 0 0 0 0 0 0 1 0 0 0 0 1 0 0 0
1 1 0 1 1 1 1 1 1 1 1 1 0 1 1 1 1 0 0 0
0 0 0 0 0 0 0 1 0 0 0 1 0 1 0 0 1 0 0 0
1 1 0 1 1 1 1 1 0 1 0 1 0 0 0 0 1 0 0 0
0 0 0 0 0 0 0 0 0 0 0 1 0 1 0 0 0 0 0 0
1 1 1 1 1 0 1 1 1 1 1 1 1 1 0 1 1 0 0 0
0 0 0 0 0 0 0 0 0 0 0 0 0 0 0 0 1 0 0 0
0 1 1 1 1 1 1 1 1 1 1 1 1 1 1 1 1 0 1 1
0 0 0 0 0 0 0 0 0 0 0 0 0 0 0 0 1 0 0 0
0 0 0 0 0 0 0 0 0 1 0 0 0 0 0 0 1 0 0 0
0 0 0 0 0 0 0 0 0 1 0 0 0 0 0 0 1 0 0 0
0 0 0 0 0 0 0 0 0 1 0 0 0 0 0 0 1 0 0 0
0 0 0 0 0 0 0 0 0 1 0 0 0 0 0 0 1 0 0 0
0 0 0 0 0 0 0 0 0 1 0 0 0 0 0 0 1 0 0 0
0 0 0 0 0 0 0 0 0 1 0 0 0 0 0 0 1 0 0 0
0 0 0 0 0 0 0 0 0 1 0 0 0 0 0 0 1 0 0 0
0 0 0 0 0 0 0 0 0 1 0 0 0 0 0 0 1 0 0 0
1 1 1 1 1 1 1 1 1 1 1 1 1 1 0 1 1 0 0 0
0 0 0 0 0 0 0 0 0 1 0 0 0 0 0 0 1 0 0 0
0 0 0 0 0 0 0 0 0 0 0 0 0 0 0 0 1 0 0 0
[0m[ INFO] [1788753401.652453121]: generating maze with width 9 , height 9[0m
[0m[ INFO] [1788753401.652456258]: entered 5*5 mode[0m
0 0 0 0 0 0 0 0 0 0 0 1 0 0 0 0 1 0 0 0
1 1 0 1 1 1 1 1 1 1 1 1 0 1 1 1 1 0 0 0
0 0 0 0 0 0 0 1 0 0 0 1 0 1 0 0 1 0 0 0
1 1 0 1 1 1 1 1 0 1 0 1 0 0 0 0 1 0 0 0
0 0 0 0 0 0 0 0 0 0 0 1 0 1 0 0 0 0 0 0
1 1 1 1 1 0 1 1 1 1 1 1 1 1 0 1 1 0 0 0
0 0 0 0 0 0 0 0 0 0 0 0 0 0 0 0 1 0 0 0
0 1 1 1 1 1 1 1 1 1 1 1 1 1 1 1 1 0 1 1
0 0 0 0 0 0 0 0 0 0 0 0 0 0 0 0 1 0 0 0
0 1 0 1 1 1 1 1 1 1 0 0 0 0 0 0 1 0 0 0
0 1 0 0 0 0 0 0 0 1 0 0 0 0 0 0 1 0 0 0
0 1 0 0 0 0 0 0 0 1 0 0 0 0 0 0 1 0 0 0
0 1 0 0 0 0 0 0 0 1 0 0 0 0 0 0 1 0 0 0
0 1 0 0 0 0 0 0 0 1 0 0 0 0 0 0 1 0 0 0
0 1 0 0 0 0 0 0 0 1 0 0 0 0 0 0 1 0 0 0
0 1 0 0 0 0 0 0 0 1 0 0 0 0 0 0 1 0 0 0
0 1 0 0 0 0 0 0 0 1 0 0 0 0 0 0 1 0 0 0
1 1 1 1 1 1 1 1 1 1 1 1 1 1 0 1 1 0 0 0
0 0 0 0 0 0 0 0 0 1 0 0 0 0 0 0 1 0 0 0
0 0 0 0 0 0 0 0 0 0 0 0 0 0 0 0 1 0 0 0
[0m[ INFO] [1788753401.652575062]: generating maze with width 1 , height 1[0m
[0m[ INFO] [1788753401.652577962]: finished generating maze with width 1 , height 1[0m
[0m[ INFO] [1788753401.652583601]: generating maze with width 7 , height 1[0m
[0m[ INFO] [1788753401.652589035]: finished generating maze with width 7 , height 1[0m
[0m[ INFO] [1788753401.652593989]: generating maze with width 1 , height 7[0m
[0m[ INFO] [1788753401.652597456]: finished generating maze with width 1 , height 7[0m
[0m[ INFO] [1788753401.652601441]: generating maze with width 7 , height 7[0m
[0m[ INFO] [1788753401.652605019]: entered 5*5 mode[0m
0 0 0 0 0 0 0 0 0 0 0 1 0 0 0 0 1 0 0 0
1 1 0 1 1 1 1 1 1 1 1 1 0 1 1 1 1 0 0 0
0 0 0 0 0 0 0 1 0 0 0 1 0 1 0 0 1 0 0 0
1 1 0 1 1 1 1 1 0 1 0 1 0 0 0 0 1 0 0 0
0 0 0 0 0 0 0 0 0 0 0 1 0 1 0 0 0 0 0 0
1 1 1 1 1 0 1 1 1 1 1 1 1 1 0 1 1 0 0 0
0 0 0 0 0 0 0 0 0 0 0 0 0 0 0 0 1 0 0 0
0 1 1 1 1 1 1 1 1 1 1 1 1 1 1 1 1 0 1 1
0 0 0 0 0 0 0 0 0 0 0 0 0 0 0 0 1 0 0 0
0 1 0 1 1 1 1 1 1 1 0 0 0 0 0 0 1 0 0 0
0 1 0 0 0 0 1 0 0 1 0 0 0 0 0 0 1 0 0 0
0 1 0 0 0 0 1 0 0 1 0 0 0 0 0 0 1 0 0 0
0 1 0 0 0 0 0 0 0 1 0 0 0 0 0 0 1 0 0 0
0 1 0 0 0 0 1 0 0 1 0 0 0 0 0 0 1 0 0 0
0 1 0 0 0 0 1 0 0 1 0 0 0 0 0 0 1 0 0 0
0 1 1 1 0 1 1 1 1 1 0 0 0 0 0 0 1 0 0 0
0 1 0 0 0 0 0 0 0 1 0 0 0 0 0 0 1 0 0 0
1 1 1 1 1 1 1 1 1 1 1 1 1 1 0 1 1 0 0 0
0 0 0 0 0 0 0 0 0 1 0 0 0 0 0 0 1 0 0 0
0 0 0 0 0 0 0 0 0 0 0 0 0 0 0 0 1 0 0 0
[0m[ INFO] [1788753401.652724730]: generating maze with width 5 , height 4[0m
0 0 0 0 0 0 0 0 0 0 0 1 0 0 0 0 1 0 0 0
1 1 0 1 1 1 1 1 1 1 1 1 0 1 1 1 1 0 0 0
0 0 0 0 0 0 0 1 0 0 0 1 0 1 0 0 1 0 0 0
1 1 0 1 1 1 1 1 0 1 0 1 0 0 0 0 1 0 0 0
0 0 0 0 0 0 0 0 0 0 0 1 0 1 0 0 0 0 0 0
1 1 1 1 1 0 1 1 1 1 1 1 1 1 0 1 1 0 0 0
0 0 0 0 0 0 0 0 0 0 0 0 0 0 0 0 1 0 0 0
0 1 1 1 1 1 1 1 1 1 1 1 1 1 1 1 1 0 1 1
0 0 0 0 0 0 0 0 0 0 0 0 0 0 0 0 1 0 0 0
0 1 0 1 1 1 1 1 1 1 0 0 0 0 0 0 1 0 0 0
0 1 0 0 0 0 1 0 0 1 0 0 0 0 0 0 1 0 0 0
0 1 1 1 1 0 1 0 0 1 0 0 0 0 0 0 1 0 0 0
0 1 0 0 0 0 0 0 0 1 0 0 0 0 0 0 1 0 0 0
0 1 0 1 0 0 1 0 0 1 0 0 0 0 0 0 1 0 0 0
0 1 0 1 0 0 1 0 0 1 0 0 0 0 0 0 1 0 0 0
0 1 1 1 0 1 1 1 1 1 0 0 0 0 0 0 1 0 0 0
0 1 0 0 0 0 0 0 0 1 0 0 0 0 0 0 1 0 0 0
1 1 1 1 1 1 1 1 1 1 1 1 1 1 0 1 1 0 0 0
0 0 0 0 0 0 0 0 0 1 0 0 0 0 0 0 1 0 0 0
0 0 0 0 0 0 0 0 0 0 0 0 0 0 0 0 1 0 0 0
[0m[ INFO] [1788753401.652837323]: finished generating maze with width 5 , height 4[0m
0 0 0 0 0 0 0 0 0 0 0 1 0 0 0 0 1 0 0 0
1 1 0 1 1 1 1 1 1 1 1 1 0 1 1 1 1 0 0 0
0 0 0 0 0 0 0 1 0 0 0 1 0 1 0 0 1 0 0 0
1 1 0 1 1 1 1 1 0 1 0 1 0 0 0 0 1 0 0 0
0 0 0 0 0 0 0 0 0 0 0 1 0 1 0 0 0 0 0 0
1 1 1 1 1 0 1 1 1 1 1 1 1 1 0 1 1 0 0 0
0 0 0 0 0 0 0 0 0 0 0 0 0 0 0 0 1 0 0 0
0 1 1 1 1 1 1 1 1 1 1 1 1 1 1 1 1 0 1 1
0 0 0 0 0 0 0 0 0 0 0 0 0 0 0 0 1 0 0 0
0 1 0 1 1 1 1 1 1 1 0 0 0 0 0 0 1 0 0 0
0 1 0 0 0 0 1 0 0 1 0 0 0 0 0 0 1 0 0 0
0 1 1 1 1 0 1 0 0 1 0 0 0 0 0 0 1 0 0 0
0 1 0 0 0 0 0 0 0 1 0 0 0 0 0 0 1 0 0 0
0 1 0 1 0 0 1 0 0 1 0 0 0 0 0 0 1 0 0 0
0 1 0 1 0 0 1 0 0 1 0 0 0 0 0 0 1 0 0 0
0 1 1 1 0 1 1 1 1 1 0 0 0 0 0 0 1 0 0 0
0 1 0 0 0 0 0 0 0 1 0 0 0 0 0 0 1 0 0 0
1 1 1 1 1 1 1 1 1 1 1 1 1 1 0 1 1 0 0 0
0 0 0 0 0 0 0 0 0 1 0 0 0 0 0 0 1 0 0 0
0 0 0 0 0 0 0 0 0 0 0 0 0 0 0 0 1 0 0 0
[0m[ INFO] [1788753401.652950312]: generating maze with width 1 , height 4[0m
[0m[ INFO] [1788753401.652953291]: finished generating maze with width 1 , height 4[0m
[0m[ INFO] [1788753401.652956271]: generating maze with width 5 , height 2[0m
[0m[ INFO] [1788753401.652959347]: finished generating maze with width 5 , height 2[0m
[0m[ INFO] [1788753401.652962477]: generating maze with width 1 , height 2[0m
[0m[ INFO] [1788753401.652965437]: finished generating maze with width 1 , height 2[0m
[0m[ INFO] [1788753401.652968254]: finished generating maze with width 7 , height 7[0m
0 0 0 0 0 0 0 0 0 0 0 1 0 0 0 0 1 0 0 0
1 1 0 1 1 1 1 1 1 1 1 1 0 1 1 1 1 0 0 0
0 0 0 0 0 0 0 1 0 0 0 1 0 1 0 0 1 0 0 0
1 1 0 1 1 1 1 1 0 1 0 1 0 0 0 0 1 0 0 0
0 0 0 0 0 0 0 0 0 0 0 1 0 1 0 0 0 0 0 0
1 1 1 1 1 0 1 1 1 1 1 1 1 1 0 1 1 0 0 0
0 0 0 0 0 0 0 0 0 0 0 0 0 0 0 0 1 0 0 0
0 1 1 1 1 1 1 1 1 1 1 1 1 1 1 1 1 0 1 1
0 0 0 0 0 0 0 0 0 0 0 0 0 0 0 0 1 0 0 0
0 1 0 1 1 1 1 1 1 1 0 0 0 0 0 0 1 0 0 0
0 1 0 0 0 0 1 0 0 1 0 0 0 0 0 0 1 0 0 0
0 1 1 1 1 0 1 0 0 1 0 0 0 0 0 0 1 0 0 0
0 1 0 0 0 0 0 0 0 1 0 0 0 0 0 0 1 0 0 0
0 1 0 1 0 0 1 0 0 1 0 0 0 0 0 0 1 0 0 0
0 1 0 1 0 0 1 0 0 1 0 0 0 0 0 0 1 0 0 0
0 1 1 1 0 1 1 1 1 1 0 0 0 0 0 0 1 0 0 0
0 1 0 0 0 0 0 0 0 1 0 0 0 0 0 0 1 0 0 0
1 1 1 1 1 1 1 1 1 1 1 1 1 1 0 1 1 0 0 0
0 0 0 0 0 0 0 0 0 1 0 0 0 0 0 0 1 0 0 0
0 0 0 0 0 0 0 0 0 0 0 0 0 0 0 0 1 0 0 0
[0m[ INFO] [1788753401.653086360]: finished generating maze with width 9 , height 9[0m
0 0 0 0 0 0 0 0 0 0 0 1 0 0 0 0 1 0 0 0
1 1 0 1 1 1 1 1 1 1 1 1 0 1 1 1 1 0 0 0
0 0 0 0 0 0 0 1 0 0 0 1 0 1 0 0 1 0 0 0
1 1 0 1 1 1 1 1 0 1 0 1 0 0 0 0 1 0 0 0
0 0 0 0 0 0 0 0 0 0 0 1 0 1 0 0 0 0 0 0
1 1 1 1 1 0 1 1 1 1 1 1 1 1 0 1 1 0 0 0
0 0 0 0 0 0 0 0 0 0 0 0 0 0 0 0 1 0 0 0
0 1 1 1 1 1 1 1 1 1 1 1 1 1 1 1 1 0 1 1
0 0 0 0 0 0 0 0 0 0 0 0 0 0 0 0 1 0 0 0
0 1 0 1 1 1 1 1 1 1 0 0 0 0 0 0 1 0 0 0
0 1 0 0 0 0 1 0 0 1 0 0 0 0 0 0 1 0 0 0
0 1 1 1 1 0 1 0 0 1 0 0 0 0 0 0 1 0 0 0
0 1 0 0 0 0 0 0 0 1 0 0 0 0 0 0 1 0 0 0
0 1 0 1 0 0 1 0 0 1 0 0 0 0 0 0 1 0 0 0
0 1 0 1 0 0 1 0 0 1 0 0 0 0 0 0 1 0 0 0
0 1 1 1 0 1 1 1 1 1 0 0 0 0 0 0 1 0 0 0
0 1 0 0 0 0 0 0 0 1 0 0 0 0 0 0 1 0 0 0
1 1 1 1 1 1 1 1 1 1 1 1 1 1 0 1 1 0 0 0
0 0 0 0 0 0 0 0 0 1 0 0 0 0 0 0 1 0 0 0
0 0 0 0 0 0 0 0 0 0 0 0 0 0 0 0 1 0 0 0
[0m[ INFO] [1788753401.653203528]: generating maze with width 2 , height 9[0m
[0m[ INFO] [1788753401.653206549]: finished generating maze with width 2 , height 9[0m
[0m[ INFO] [1788753401.653209546]: generating maze with width 9 , height 6[0m
[0m[ INFO] [1788753401.653212511]: entered 5*5 mode[0m
0 0 0 0 0 0 0 0 0 0 0 1 0 0 0 0 1 0 0 0
1 1 0 1 1 1 1 1 1 1 1 1 0 1 1 1 1 0 0 0
0 0 0 0 0 0 0 1 0 0 0 1 0 1 0 0 1 0 0 0
1 1 0 1 1 1 1 1 0 1 0 1 0 0 0 0 1 0 0 0
0 0 0 0 0 0 0 0 0 0 0 1 0 1 0 0 0 0 0 0
1 1 1 1 1 0 1 1 1 1 1 1 1 1 0 1 1 0 0 0
0 0 0 0 0 0 0 0 0 0 0 0 0 0 0 0 1 0 0 0
0 1 1 1 1 1 1 1 1 1 1 1 1 1 1 1 1 0 1 1
0 0 0 0 0 0 0 0 0 0 0 0 0 0 0 0 1 0 0 0
0 1 0 1 1 1 1 1 1 1 0 1 0 0 0 0 1 0 0 0
0 1 0 0 0 0 1 0 0 1 0 1 1 0 1 1 1 0 0 0
0 1 1 1 1 0 1 0 0 1 0 1 0 0 0 0 1 0 0 0
0 1 0 0 0 0 0 0 0 1 0 1 0 0 0 0 1 0 0 0
0 1 0 1 0 0 1 0 0 1 0 1 0 0 0 0 1 0 0 0
0 1 0 1 0 0 1 0 0 1 0 1 0 0 0 0 1 0 0 0
0 1 1 1 0 1 1 1 1 1 0 1 0 0 0 0 1 0 0 0
0 1 0 0 0 0 0 0 0 1 0 1 0 0 0 0 1 0 0 0
1 1 1 1 1 1 1 1 1 1 1 1 1 1 0 1 1 0 0 0
0 0 0 0 0 0 0 0 0 1 0 0 0 0 0 0 1 0 0 0
0 0 0 0 0 0 0 0 0 0 0 0 0 0 0 0 1 0 0 0
[0m[ INFO] [1788753401.653330661]: generating maze with width 2 , height 1[0m
[0m[ INFO] [1788753401.653333724]: finished generating maze with width 2 , height 1[0m
[0m[ INFO] [1788753401.653336614]: generating maze with width 6 , height 1[0m
[0m[ INFO] [1788753401.653339989]: finished generating maze with width 6 , height 1[0m
[0m[ INFO] [1788753401.653342909]: generating maze with width 2 , height 4[0m
[0m[ INFO] [1788753401.653346170]: finished generating maze with width 2 , height 4[0m
[0m[ INFO] [1788753401.653349139]: generating maze with width 6 , height 4[0m
0 0 0 0 0 0 0 0 0 0 0 1 0 0 0 0 1 0 0 0
1 1 0 1 1 1 1 1 1 1 1 1 0 1 1 1 1 0 0 0
0 0 0 0 0 0 0 1 0 0 0 1 0 1 0 0 1 0 0 0
1 1 0 1 1 1 1 1 0 1 0 1 0 0 0 0 1 0 0 0
0 0 0 0 0 0 0 0 0 0 0 1 0 1 0 0 0 0 0 0
1 1 1 1 1 0 1 1 1 1 1 1 1 1 0 1 1 0 0 0
0 0 0 0 0 0 0 0 0 0 0 0 0 0 0 0 1 0 0 0
0 1 1 1 1 1 1 1 1 1 1 1 1 1 1 1 1 0 1 1
0 0 0 0 0 0 0 0 0 0 0 0 0 0 0 0 1 0 0 0
0 1 0 1 1 1 1 1 1 1 0 1 0 0 0 0 1 0 0 0
0 1 0 0 0 0 1 0 0 1 0 1 1 0 1 1 1 0 0 0
0 1 1 1 1 0 1 0 0 1 0 1 0 0 0 0 1 0 0 0
0 1 0 0 0 0 0 0 0 1 0 1 0 0 1 0 1 0 0 0
0 1 0 1 0 0 1 0 0 1 0 1 1 1 1 0 1 0 0 0
0 1 0 1 0 0 1 0 0 1 0 1 0 0 1 0 1 0 0 0
0 1 1 1 0 1 1 1 1 1 0 1 0 0 1 0 1 0 0 0
0 1 0 0 0 0 0 0 0 1 0 1 0 0 0 0 1 0 0 0
1 1 1 1 1 1 1 1 1 1 1 1 1 1 0 1 1 0 0 0
0 0 0 0 0 0 0 0 0 1 0 0 0 0 0 0 1 0 0 0
0 0 0 0 0 0 0 0 0 0 0 0 0 0 0 0 1 0 0 0
[0m[ INFO] [1788753401.653468048]: finished generating maze with width 6 , height 4[0m
0 0 0 0 0 0 0 0 0 0 0 1 0 0 0 0 1 0 0 0
1 1 0 1 1 1 1 1 1 1 1 1 0 1 1 1 1 0 0 0
0 0 0 0 0 0 0 1 0 0 0 1 0 1 0 0 1 0 0 0
1 1 0 1 1 1 1 1 0 1 0 1 0 0 0 0 1 0 0 0
0 0 0 0 0 0 0 0 0 0 0 1 0 1 0 0 0 0 0 0
1 1 1 1 1 0 1 1 1 1 1 1 1 1 0 1 1 0 0 0
0 0 0 0 0 0 0 0 0 0 0 0 0 0 0 0 1 0 0 0
0 1 1 1 1 1 1 1 1 1 1 1 1 1 1 1 1 0 1 1
0 0 0 0 0 0 0 0 0 0 0 0 0 0 0 0 1 0 0 0
0 1 0 1 1 1 1 1 1 1 0 1 0 0 0 0 1 0 0 0
0 1 0 0 0 0 1 0 0 1 0 1 1 0 1 1 1 0 0 0
0 1 1 1 1 0 1 0 0 1 0 1 0 0 0 0 1 0 0 0
0 1 0 0 0 0 0 0 0 1 0 1 0 0 1 0 1 0 0 0
0 1 0 1 0 0 1 0 0 1 0 1 1 1 1 0 1 0 0 0
0 1 0 1 0 0 1 0 0 1 0 1 0 0 1 0 1 0 0 0
0 1 1 1 0 1 1 1 1 1 0 1 0 0 1 0 1 0 0 0
0 1 0 0 0 0 0 0 0 1 0 1 0 0 0 0 1 0 0 0
1 1 1 1 1 1 1 1 1 1 1 1 1 1 0 1 1 0 0 0
0 0 0 0 0 0 0 0 0 1 0 0 0 0 0 0 1 0 0 0
0 0 0 0 0 0 0 0 0 0 0 0 0 0 0 0 1 0 0 0
[0m[ INFO] [1788753401.653586948]: finished generating maze with width 9 , height 6[0m
0 0 0 0 0 0 0 0 0 0 0 1 0 0 0 0 1 0 0 0
1 1 0 1 1 1 1 1 1 1 1 1 0 1 1 1 1 0 0 0
0 0 0 0 0 0 0 1 0 0 0 1 0 1 0 0 1 0 0 0
1 1 0 1 1 1 1 1 0 1 0 1 0 0 0 0 1 0 0 0
0 0 0 0 0 0 0 0 0 0 0 1 0 1 0 0 0 0 0 0
1 1 1 1 1 0 1 1 1 1 1 1 1 1 0 1 1 0 0 0
0 0 0 0 0 0 0 0 0 0 0 0 0 0 0 0 1 0 0 0
0 1 1 1 1 1 1 1 1 1 1 1 1 1 1 1 1 0 1 1
0 0 0 0 0 0 0 0 0 0 0 0 0 0 0 0 1 0 0 0
0 1 0 1 1 1 1 1 1 1 0 1 0 0 0 0 1 0 0 0
0 1 0 0 0 0 1 0 0 1 0 1 1 0 1 1 1 0 0 0
0 1 1 1 1 0 1 0 0 1 0 1 0 0 0 0 1 0 0 0
0 1 0 0 0 0 0 0 0 1 0 1 0 0 1 0 1 0 0 0
0 1 0 1 0 0 1 0 0 1 0 1 1 1 1 0 1 0 0 0
0 1 0 1 0 0 1 0 0 1 0 1 0 0 1 0 1 0 0 0
0 1 1 1 0 1 1 1 1 1 0 1 0 0 1 0 1 0 0 0
0 1 0 0 0 0 0 0 0 1 0 1 0 0 0 0 1 0 0 0
1 1 1 1 1 1 1 1 1 1 1 1 1 1 0 1 1 0 0 0
0 0 0 0 0 0 0 0 0 1 0 0 0 0 0 0 1 0 0 0
0 0 0 0 0 0 0 0 0 0 0 0 0 0 0 0 1 0 0 0
[0m[ INFO] [1788753401.653702509]: generating maze with width 2 , height 6[0m
[0m[ INFO] [1788753401.653706375]: finished generating maze with width 2 , height 6[0m
[0m[ INFO] [1788753401.653708943]: finished generating maze with width 12 , height 16[0m
0 0 0 0 0 0 0 0 0 0 0 1 0 0 0 0 1 0 0 0
1 1 0 1 1 1 1 1 1 1 1 1 0 1 1 1 1 0 0 0
0 0 0 0 0 0 0 1 0 0 0 1 0 1 0 0 1 0 0 0
1 1 0 1 1 1 1 1 0 1 0 1 0 0 0 0 1 0 0 0
0 0 0 0 0 0 0 0 0 0 0 1 0 1 0 0 0 0 0 0
1 1 1 1 1 0 1 1 1 1 1 1 1 1 0 1 1 0 0 0
0 0 0 0 0 0 0 0 0 0 0 0 0 0 0 0 1 0 0 0
0 1 1 1 1 1 1 1 1 1 1 1 1 1 1 1 1 0 1 1
0 0 0 0 0 0 0 0 0 0 0 0 0 0 0 0 1 0 0 0
0 1 0 1 1 1 1 1 1 1 0 1 0 0 0 0 1 0 0 0
0 1 0 0 0 0 1 0 0 1 0 1 1 0 1 1 1 0 0 0
0 1 1 1 1 0 1 0 0 1 0 1 0 0 0 0 1 0 0 0
0 1 0 0 0 0 0 0 0 1 0 1 0 0 1 0 1 0 0 0
0 1 0 1 0 0 1 0 0 1 0 1 1 1 1 0 1 0 0 0
0 1 0 1 0 0 1 0 0 1 0 1 0 0 1 0 1 0 0 0
0 1 1 1 0 1 1 1 1 1 0 1 0 0 1 0 1 0 0 0
0 1 0 0 0 0 0 0 0 1 0 1 0 0 0 0 1 0 0 0
1 1 1 1 1 1 1 1 1 1 1 1 1 1 0 1 1 0 0 0
0 0 0 0 0 0 0 0 0 1 0 0 0 0 0 0 1 0 0 0
0 0 0 0 0 0 0 0 0 0 0 0 0 0 0 0 1 0 0 0
[0m[ INFO] [1788753401.653825382]: generating maze with width 7 , height 3[0m
[0m[ INFO] [1788753401.653829146]: entered 4+*3 mode[0m
[0m[ INFO] [1788753401.653832054]: generating maze with width 12 , height 3[0m
[0m[ INFO] [1788753401.653835160]: entered 4+*3 mode[0m
[0m[ INFO] [1788753401.653838538]: finished generating maze with width 20 , height 20[0m
0 0 0 0 0 0 0 0 0 0 0 1 0 0 0 0 1 0 1 0
1 1 0 1 1 1 1 1 1 1 1 1 0 1 1 1 1 0 1 0
0 0 0 0 0 0 0 1 0 0 0 1 0 1 0 0 1 0 1 0
1 1 0 1 1 1 1 1 0 1 0 1 0 0 0 0 1 0 0 0
0 0 0 0 0 0 0 0 0 0 0 1 0 1 0 0 0 0 1 0
1 1 1 1 1 0 1 1 1 1 1 1 1 1 0 1 1 0 1 0
0 0 0 0 0 0 0 0 0 0 0 0 0 0 0 0 1 0 1 0
0 1 1 1 1 1 1 1 1 1 1 1 1 1 1 1 1 0 1 1
0 0 0 0 0 0 0 0 0 0 0 0 0 0 0 0 1 0 1 0
0 1 0 1 1 1 1 1 1 1 0 1 0 0 0 0 1 0 1 0
0 1 0 0 0 0 1 0 0 1 0 1 1 0 1 1 1 0 1 0
0 1 1 1 1 0 1 0 0 1 0 1 0 0 0 0 1 0 1 0
0 1 0 0 0 0 0 0 0 1 0 1 0 0 1 0 1 0 1 0
0 1 0 1 0 0 1 0 0 1 0 1 1 1 1 0 1 0 1 0
0 1 0 1 0 0 1 0 0 1 0 1 0 0 1 0 1 0 1 0
0 1 1 1 0 1 1 1 1 1 0 1 0 0 1 0 1 0 1 0
0 1 0 0 0 0 0 0 0 1 0 1 0 0 0 0 1 0 0 0
1 1 1 1 1 1 1 1 1 1 1 1 1 1 0 1 1 0 1 0
0 0 0 0 0 0 0 0 0 1 0 0 0 0 0 0 1 0 1 0
0 0 0 0 0 0 0 0 0 0 0 0 0 0 0 0 1 0 1 0
0 0 0 0 0 0 0 0 0 0 0 1 0 0 0 0 1 0 1 0
1 1 0 1 1 1 1 1 1 1 1 1 0 1 1 1 1 0 1 0
0 0 0 0 0 0 0 1 0 0 0 1 0 1 0 0 1 0 1 0
1 1 0 1 1 1 1 1 0 1 0 1 0 0 0 0 1 0 0 0
0 0 0 0 0 0 0 0 0 0 0 1 0 1 0 0 0 0 1 0
1 1 1 1 1 0 1 1 1 1 1 1 1 1 0 1 1 0 1 0
0 0 0 0 0 0 0 0 0 0 0 0 0 0 0 0 1 0 1 0
0 1 1 1 1 1 1 1 1 1 1 1 1 1 1 1 1 0 1 1
0 0 0 0 0 0 0 0 0 0 0 0 0 0 0 0 1 0 1 0
0 1 0 1 1 1 1 1 1 1 0 1 0 0 0 0 1 0 1 0
0 1 0 0 0 0 1 0 0 1 0 1 1 0 1 1 1 0 1 0
0 1 1 1 1 0 1 0 0 1 0 1 0 0 0 0 1 0 1 0
0 1 0 0 0 0 0 0 0 1 0 1 0 0 1 0 1 0 1 0
0 1 0 1 0 0 1 0 0 1 0 1 1 1 1 0 1 0 1 0
0 1 0 1 0 0 1 0 0 1 0 1 0 0 1 0 1 0 1 0
0 1 1 1 0 1 1 1 1 1 0 1 0 0 1 0 1 0 1 0
0 1 0 0 0 0 0 0 0 1 0 1 0 0 0 0 1 0 0 0
1 1 1 1 1 1 1 1 1 1 1 1 1 1 0 1 1 0 1 0
0 0 0 0 0 0 0 0 0 1 0 0 0 0 0 0 1 0 1 0
0 0 0 0 0 0 0 0 0 0 0 0 0 0 0 0 1 0 1 0
[31m[ERROR] [1788753402.671765552]: Fixed experiment start or goal is occupied after dilation.[0m
[0m[ INFO] [1788753401.659333915]: finish: infill 0.415000%[0m
[31mWARNING: disk usage in log directory [/home/wyx/.ros/log] is over 1GB.
It's recommended that you use the 'rosclean' command.[0m
... logging to /home/wyx/.ros/log/223ae3b6-aa70-11f1-b0e6-f943f12ceaab/roslaunch-wyx-28110.log
Checking log directory for disk usage. This may take a while.
Press Ctrl-C to interrupt
]2;/home/wyx/tf_paper_exp/scripts/paper_mockamap_benchmark.launch
[1mstarted roslaunch server http://wyx:34557/[0m

SUMMARY
========

PARAMETERS
 * /global_planning_node/Benchmark/CaseId: maze2d_medium_m13...
 * /global_planning_node/Benchmark/Difficulty: medium
 * /global_planning_node/Benchmark/Enabled: False
 * /global_planning_node/Benchmark/EnvironmentFamily: maze2d
 * /global_planning_node/Benchmark/Method: proposed
 * /global_planning_node/Benchmark/RepeatId: 0
 * /global_planning_node/Benchmark/RouteReplayEnabled: False
 * /global_planning_node/Benchmark/RouteReplayFile: 
 * /global_planning_node/Benchmark/RouteSaveEnabled: True
 * /global_planning_node/Benchmark/RouteSaveFile: /home/wyx/tf_rout...
 * /global_planning_node/Benchmark/Variant: csgn_active_exact
 * /global_planning_node/ChiVec: [10000.0, 10000.0...
 * /global_planning_node/Corridor/AllowFallback: False
 * /global_planning_node/Corridor/Method: firi
 * /global_planning_node/Decomp/LocalBBoxForward: 0.5
 * /global_planning_node/Decomp/LocalBBoxLateral: 3.0
 * /global_planning_node/Decomp/LocalBBoxVertical: 3.0
 * /global_planning_node/Decomp/MaxSegmentLength: 3.0
 * /global_planning_node/Decomp/MinOverlapRadius: 0.01
 * /global_planning_node/DilateRadius: 0.5
 * /global_planning_node/Experiment/FixedGoalX: -4.582256317138672
 * /global_planning_node/Experiment/FixedGoalY: -17.233434677124023
 * /global_planning_node/Experiment/FixedGoalZ: 3.494147776291897
 * /global_planning_node/Experiment/FixedStartGoalEnabled: True
 * /global_planning_node/Experiment/FixedStartX: 6.4372711181640625
 * /global_planning_node/Experiment/FixedStartY: 23.116613388061523
 * /global_planning_node/Experiment/FixedStartZ: 0.5
 * /global_planning_node/Experiment/LogDirectory: /tmp/tf_paper_exp
 * /global_planning_node/Experiment/LogEnabled: False
 * /global_planning_node/Experiment/MapSeed: 132005
 * /global_planning_node/Experiment/RouteSeed: 232005
 * /global_planning_node/Experiment/Tag: paper_e1e2_produc...
 * /global_planning_node/GravAcc: 9.8
 * /global_planning_node/HorizDrag: 0.7
 * /global_planning_node/IntegralIntervs: 16
 * /global_planning_node/MapBound: [-25.0, 25.0, -25...
 * /global_planning_node/MapTopic: /voxel_map
 * /global_planning_node/MaxBdrMag: 2.1
 * /global_planning_node/MaxThrust: 12.0
 * /global_planning_node/MaxTiltAngle: 1.05
 * /global_planning_node/MaxVelMag: 4.0
 * /global_planning_node/MinThrust: 2.0
 * /global_planning_node/ParasDrag: 0.01
 * /global_planning_node/RelCostTol: 1e-05
 * /global_planning_node/SmoothingEps: 0.01
 * /global_planning_node/SpeedEps: 0.0001
 * /global_planning_node/TargetTopic: /move_base_simple...
 * /global_planning_node/TfFiri/CandidatePoolSize: 8
 * /global_planning_node/TfFiri/DirectionalWidthWeight: 1.0
 * /global_planning_node/TfFiri/FaceCountWeight: 0.25
 * /global_planning_node/TfFiri/MaxFaces: 24
 * /global_planning_node/TfFiri/Progress: 7.0
 * /global_planning_node/TfFiri/Range: 3.0
 * /global_planning_node/TfSfc/DirectionMode: 1
 * /global_planning_node/TfSfc/InflationStep: 0.1
 * /global_planning_node/TfSfc/MaxFaces: 12
 * /global_planning_node/TfSfc/MaxInflationDistance: 1.0
 * /global_planning_node/TfSfc/MaxObsFaces: 6
 * /global_planning_node/TfSfc/MaxSegmentLength: 1.0
 * /global_planning_node/TfSfc/MinOverlapRadius: 0.04
 * /global_planning_node/TfSfc/SafetyMargin: 0.05
 * /global_planning_node/TfSfc/SamplesPerSegment: 5
 * /global_planning_node/TimeoutRRT: 1.0
 * /global_planning_node/VehicleMass: 0.61
 * /global_planning_node/VertDrag: 0.8
 * /global_planning_node/VoxelWidth: 0.25
 * /global_planning_node/WeightT: 20.0
 * /mockamap_node/add_wall_x: 0
 * /mockamap_node/add_wall_y: 0
 * /mockamap_node/attenuation: 0.1
 * /mockamap_node/complexity: 0.025
 * /mockamap_node/fill: 0.3
 * /mockamap_node/fractal: 1
 * /mockamap_node/maze_type: 1
 * /mockamap_node/obstacle_number: 10
 * /mockamap_node/resolution: 0.25
 * /mockamap_node/road_width: 2.5
 * /mockamap_node/seed: 132005
 * /mockamap_node/type: 3
 * /mockamap_node/update_freq: 1.0
 * /mockamap_node/width_max: 1.5
 * /mockamap_node/width_min: 0.6
 * /mockamap_node/x_length: 50
 * /mockamap_node/y_length: 50
 * /mockamap_node/z_length: 5
 * /rosdistro: noetic
 * /rosversion: 1.17.0

NODES
  /
    global_planning_node (gcopter/global_planning)
    mockamap_node (mockamap/mockamap_node)

auto-starting new master
[1mprocess[master]: started with pid [28137][0m
[1mROS_MASTER_URI=http://localhost:11311[0m
]2;/home/wyx/tf_paper_exp/scripts/paper_mockamap_benchmark.launch http://localhost:11311
[1msetting /run_id to 223ae3b6-aa70-11f1-b0e6-f943f12ceaab[0m
[1mprocess[rosout-1]: started with pid [28166][0m
started core service [/rosout]
[1mprocess[mockamap_node-2]: started with pid [28173][0m
[1mprocess[global_planning_node-3]: started with pid [28174][0m
[global_planning_node-3] killing on exit
[mockamap_node-2] killing on exit
[rosout-1] killing on exit
[master] killing on exit
shutting down processing monitor...
... shutting down processing monitor complete
[1mdone[0m
