[0m[ INFO] [1788753388.533269567]: generating maze with width 20 , height 20[0m
[0m[ INFO] [1788753388.533896107]: entered 5*5 mode[0m
0 0 0 0 0 0 0 0 0 0 0 1 0 0 0 0 0 0 0 0
0 0 0 0 0 0 0 0 0 0 0 1 0 0 0 0 0 0 0 0
0 0 0 0 0 0 0 0 0 0 0 1 0 0 0 0 0 0 0 0
0 0 0 0 0 0 0 0 0 0 0 1 0 0 0 0 0 0 0 0
0 0 0 0 0 0 0 0 0 0 0 1 0 0 0 0 0 0 0 0
0 0 0 0 0 0 0 0 0 0 0 1 0 0 0 0 0 0 0 0
0 0 0 0 0 0 0 0 0 0 0 1 0 0 0 0 0 0 0 0
0 0 0 0 0 0 0 0 0 0 0 0 0 0 0 0 0 0 0 0
0 0 0 0 0 0 0 0 0 0 0 1 0 0 0 0 0 0 0 0
0 0 0 0 0 0 0 0 0 0 0 1 0 0 0 0 0 0 0 0
0 0 0 0 0 0 0 0 0 0 0 1 0 0 0 0 0 0 0 0
0 0 0 0 0 0 0 0 0 0 0 1 0 0 0 0 0 0 0 0
0 0 0 0 0 0 0 0 0 0 0 1 0 0 0 0 0 0 0 0
0 0 0 0 0 0 0 0 0 0 0 1 0 0 0 0 0 0 0 0
1 1 1 0 1 1 1 1 1 1 1 1 1 1 1 1 1 1 1 1
0 0 0 0 0 0 0 0 0 0 0 0 0 0 0 0 0 0 0 0
0 0 0 0 0 0 0 0 0 0 0 1 0 0 0 0 0 0 0 0
0 0 0 0 0 0 0 0 0 0 0 1 0 0 0 0 0 0 0 0
0 0 0 0 0 0 0 0 0 0 0 1 0 0 0 0 0 0 0 0
0 0 0 0 0 0 0 0 0 0 0 1 0 0 0 0 0 0 0 0
[0m[ INFO] [1788753388.534026731]: generating maze with width 14 , height 11[0m
[0m[ INFO] [1788753388.534030143]: entered 5*5 mode[0m
0 0 0 0 0 0 0 0 0 0 0 1 0 0 0 0 0 0 0 0
0 0 0 0 0 0 0 0 1 0 0 1 0 0 0 0 0 0 0 0
0 0 0 0 0 0 0 0 1 0 0 1 0 0 0 0 0 0 0 0
0 0 0 0 0 0 0 0 1 0 0 1 0 0 0 0 0 0 0 0
0 0 0 0 0 0 0 0 1 0 0 1 0 0 0 0 0 0 0 0
0 0 0 0 0 0 0 0 1 0 0 1 0 0 0 0 0 0 0 0
0 0 0 0 0 0 0 0 1 0 0 1 0 0 0 0 0 0 0 0
0 0 0 0 0 0 0 0 1 0 0 0 0 0 0 0 0 0 0 0
0 0 0 0 0 0 0 0 1 0 0 1 0 0 0 0 0 0 0 0
0 0 0 0 0 0 0 0 1 0 0 1 0 0 0 0 0 0 0 0
0 0 0 0 0 0 0 0 1 0 0 1 0 0 0 0 0 0 0 0
0 0 0 0 0 0 0 0 1 0 0 1 0 0 0 0 0 0 0 0
0 1 1 1 1 1 1 1 1 1 1 1 0 0 0 0 0 0 0 0
0 0 0 0 0 0 0 0 0 0 0 1 0 0 0 0 0 0 0 0
1 1 1 0 1 1 1 1 1 1 1 1 1 1 1 1 1 1 1 1
0 0 0 0 0 0 0 0 0 0 0 0 0 0 0 0 0 0 0 0
0 0 0 0 0 0 0 0 0 0 0 1 0 0 0 0 0 0 0 0
0 0 0 0 0 0 0 0 0 0 0 1 0 0 0 0 0 0 0 0
0 0 0 0 0 0 0 0 0 0 0 1 0 0 0 0 0 0 0 0
0 0 0 0 0 0 0 0 0 0 0 1 0 0 0 0 0 0 0 0
[0m[ INFO] [1788753388.534143766]: generating maze with width 12 , height 8[0m
[0m[ INFO] [1788753388.534146557]: entered 5*5 mode[0m
0 0 0 0 0 0 1 0 0 0 0 1 0 0 0 0 0 0 0 0
0 0 0 0 0 0 1 0 1 0 0 1 0 0 0 0 0 0 0 0
0 0 0 0 0 0 1 0 1 0 0 1 0 0 0 0 0 0 0 0
0 0 0 0 0 0 1 0 1 0 0 1 0 0 0 0 0 0 0 0
0 0 0 0 0 0 0 0 1 0 0 1 0 0 0 0 0 0 0 0
0 0 0 0 0 0 1 0 1 0 0 1 0 0 0 0 0 0 0 0
0 0 0 0 0 0 1 0 1 0 0 1 0 0 0 0 0 0 0 0
0 0 0 0 0 0 1 0 1 0 0 0 0 0 0 0 0 0 0 0
0 0 0 0 0 0 1 0 1 0 0 1 0 0 0 0 0 0 0 0
0 0 0 0 0 0 1 0 1 0 0 1 0 0 0 0 0 0 0 0
1 1 1 1 1 1 1 0 1 0 0 1 0 0 0 0 0 0 0 0
0 0 0 0 0 0 0 0 1 0 0 1 0 0 0 0 0 0 0 0
0 1 1 1 1 1 1 1 1 1 1 1 0 0 0 0 0 0 0 0
0 0 0 0 0 0 0 0 0 0 0 1 0 0 0 0 0 0 0 0
1 1 1 0 1 1 1 1 1 1 1 1 1 1 1 1 1 1 1 1
0 0 0 0 0 0 0 0 0 0 0 0 0 0 0 0 0 0 0 0
0 0 0 0 0 0 0 0 0 0 0 1 0 0 0 0 0 0 0 0
0 0 0 0 0 0 0 0 0 0 0 1 0 0 0 0 0 0 0 0
0 0 0 0 0 0 0 0 0 0 0 1 0 0 0 0 0 0 0 0
0 0 0 0 0 0 0 0 0 0 0 1 0 0 0 0 0 0 0 0
[0m[ INFO] [1788753388.534264023]: generating maze with width 10 , height 6[0m
[0m[ INFO] [1788753388.534266733]: entered 5*5 mode[0m
0 1 0 0 0 0 1 0 0 0 0 1 0 0 0 0 0 0 0 0
0 1 0 0 0 0 1 0 1 0 0 1 0 0 0 0 0 0 0 0
0 1 0 0 0 0 1 0 1 0 0 1 0 0 0 0 0 0 0 0
0 1 0 0 0 0 1 0 1 0 0 1 0 0 0 0 0 0 0 0
0 1 0 0 0 0 0 0 1 0 0 1 0 0 0 0 0 0 0 0
0 1 0 0 0 0 1 0 1 0 0 1 0 0 0 0 0 0 0 0
0 1 0 0 0 0 1 0 1 0 0 1 0 0 0 0 0 0 0 0
0 1 1 0 1 1 1 0 1 0 0 0 0 0 0 0 0 0 0 0
0 0 0 0 0 0 1 0 1 0 0 1 0 0 0 0 0 0 0 0
0 1 0 0 0 0 1 0 1 0 0 1 0 0 0 0 0 0 0 0
1 1 1 1 1 1 1 0 1 0 0 1 0 0 0 0 0 0 0 0
0 0 0 0 0 0 0 0 1 0 0 1 0 0 0 0 0 0 0 0
0 1 1 1 1 1 1 1 1 1 1 1 0 0 0 0 0 0 0 0
0 0 0 0 0 0 0 0 0 0 0 1 0 0 0 0 0 0 0 0
1 1 1 0 1 1 1 1 1 1 1 1 1 1 1 1 1 1 1 1
0 0 0 0 0 0 0 0 0 0 0 0 0 0 0 0 0 0 0 0
0 0 0 0 0 0 0 0 0 0 0 1 0 0 0 0 0 0 0 0
0 0 0 0 0 0 0 0 0 0 0 1 0 0 0 0 0 0 0 0
0 0 0 0 0 0 0 0 0 0 0 1 0 0 0 0 0 0 0 0
0 0 0 0 0 0 0 0 0 0 0 1 0 0 0 0 0 0 0 0
[0m[ INFO] [1788753388.534384247]: generating maze with width 7 , height 1[0m
[0m[ INFO] [1788753388.534387845]: finished generating maze with width 7 , height 1[0m
[0m[ INFO] [1788753388.534391091]: generating maze with width 2 , height 1[0m
[0m[ INFO] [1788753388.534394062]: finished generating maze with width 2 , height 1[0m
[0m[ INFO] [1788753388.534397786]: generating maze with width 7 , height 4[0m
0 1 0 0 1 0 1 0 0 0 0 1 0 0 0 0 0 0 0 0
0 1 0 0 1 0 1 0 1 0 0 1 0 0 0 0 0 0 0 0
0 1 0 0 1 0 1 0 1 0 0 1 0 0 0 0 0 0 0 0
0 1 0 0 1 0 1 0 1 0 0 1 0 0 0 0 0 0 0 0
0 1 0 0 1 0 0 0 1 0 0 1 0 0 0 0 0 0 0 0
0 1 1 0 1 0 1 0 1 0 0 1 0 0 0 0 0 0 0 0
0 1 0 0 0 0 1 0 1 0 0 1 0 0 0 0 0 0 0 0
0 1 1 0 1 1 1 0 1 0 0 0 0 0 0 0 0 0 0 0
0 0 0 0 0 0 1 0 1 0 0 1 0 0 0 0 0 0 0 0
0 1 0 0 0 0 1 0 1 0 0 1 0 0 0 0 0 0 0 0
1 1 1 1 1 1 1 0 1 0 0 1 0 0 0 0 0 0 0 0
0 0 0 0 0 0 0 0 1 0 0 1 0 0 0 0 0 0 0 0
0 1 1 1 1 1 1 1 1 1 1 1 0 0 0 0 0 0 0 0
0 0 0 0 0 0 0 0 0 0 0 1 0 0 0 0 0 0 0 0
1 1 1 0 1 1 1 1 1 1 1 1 1 1 1 1 1 1 1 1
0 0 0 0 0 0 0 0 0 0 0 0 0 0 0 0 0 0 0 0
0 0 0 0 0 0 0 0 0 0 0 1 0 0 0 0 0 0 0 0
0 0 0 0 0 0 0 0 0 0 0 1 0 0 0 0 0 0 0 0
0 0 0 0 0 0 0 0 0 0 0 1 0 0 0 0 0 0 0 0
0 0 0 0 0 0 0 0 0 0 0 1 0 0 0 0 0 0 0 0
[0m[ INFO] [1788753388.534519701]: finished generating maze with width 7 , height 4[0m
0 1 0 0 1 0 1 0 0 0 0 1 0 0 0 0 0 0 0 0
0 1 0 0 1 0 1 0 1 0 0 1 0 0 0 0 0 0 0 0
0 1 0 0 1 0 1 0 1 0 0 1 0 0 0 0 0 0 0 0
0 1 0 0 1 0 1 0 1 0 0 1 0 0 0 0 0 0 0 0
0 1 0 0 1 0 0 0 1 0 0 1 0 0 0 0 0 0 0 0
0 1 1 0 1 0 1 0 1 0 0 1 0 0 0 0 0 0 0 0
0 1 0 0 0 0 1 0 1 0 0 1 0 0 0 0 0 0 0 0
0 1 1 0 1 1 1 0 1 0 0 0 0 0 0 0 0 0 0 0
0 0 0 0 0 0 1 0 1 0 0 1 0 0 0 0 0 0 0 0
0 1 0 0 0 0 1 0 1 0 0 1 0 0 0 0 0 0 0 0
1 1 1 1 1 1 1 0 1 0 0 1 0 0 0 0 0 0 0 0
0 0 0 0 0 0 0 0 1 0 0 1 0 0 0 0 0 0 0 0
0 1 1 1 1 1 1 1 1 1 1 1 0 0 0 0 0 0 0 0
0 0 0 0 0 0 0 0 0 0 0 1 0 0 0 0 0 0 0 0
1 1 1 0 1 1 1 1 1 1 1 1 1 1 1 1 1 1 1 1
0 0 0 0 0 0 0 0 0 0 0 0 0 0 0 0 0 0 0 0
0 0 0 0 0 0 0 0 0 0 0 1 0 0 0 0 0 0 0 0
0 0 0 0 0 0 0 0 0 0 0 1 0 0 0 0 0 0 0 0
0 0 0 0 0 0 0 0 0 0 0 1 0 0 0 0 0 0 0 0
0 0 0 0 0 0 0 0 0 0 0 1 0 0 0 0 0 0 0 0
[0m[ INFO] [1788753388.534633817]: generating maze with width 2 , height 4[0m
[0m[ INFO] [1788753388.534636927]: finished generating maze with width 2 , height 4[0m
[0m[ INFO] [1788753388.534640171]: finished generating maze with width 10 , height 6[0m
0 1 0 0 1 0 1 0 0 0 0 1 0 0 0 0 0 0 0 0
0 1 0 0 1 0 1 0 1 0 0 1 0 0 0 0 0 0 0 0
0 1 0 0 1 0 1 0 1 0 0 1 0 0 0 0 0 0 0 0
0 1 0 0 1 0 1 0 1 0 0 1 0 0 0 0 0 0 0 0
0 1 0 0 1 0 0 0 1 0 0 1 0 0 0 0 0 0 0 0
0 1 1 0 1 0 1 0 1 0 0 1 0 0 0 0 0 0 0 0
0 1 0 0 0 0 1 0 1 0 0 1 0 0 0 0 0 0 0 0
0 1 1 0 1 1 1 0 1 0 0 0 0 0 0 0 0 0 0 0
0 0 0 0 0 0 1 0 1 0 0 1 0 0 0 0 0 0 0 0
0 1 0 0 0 0 1 0 1 0 0 1 0 0 0 0 0 0 0 0
1 1 1 1 1 1 1 0 1 0 0 1 0 0 0 0 0 0 0 0
0 0 0 0 0 0 0 0 1 0 0 1 0 0 0 0 0 0 0 0
0 1 1 1 1 1 1 1 1 1 1 1 0 0 0 0 0 0 0 0
0 0 0 0 0 0 0 0 0 0 0 1 0 0 0 0 0 0 0 0
1 1 1 0 1 1 1 1 1 1 1 1 1 1 1 1 1 1 1 1
0 0 0 0 0 0 0 0 0 0 0 0 0 0 0 0 0 0 0 0
0 0 0 0 0 0 0 0 0 0 0 1 0 0 0 0 0 0 0 0
0 0 0 0 0 0 0 0 0 0 0 1 0 0 0 0 0 0 0 0
0 0 0 0 0 0 0 0 0 0 0 1 0 0 0 0 0 0 0 0
0 0 0 0 0 0 0 0 0 0 0 1 0 0 0 0 0 0 0 0
[0m[ INFO] [1788753388.534753878]: generating maze with width 1 , height 6[0m
[0m[ INFO] [1788753388.534756831]: finished generating maze with width 1 , height 6[0m
[0m[ INFO] [1788753388.534759868]: generating maze with width 10 , height 1[0m
[0m[ INFO] [1788753388.534762841]: finished generating maze with width 10 , height 1[0m
[0m[ INFO] [1788753388.534766180]: generating maze with width 1 , height 1[0m
[0m[ INFO] [1788753388.534769364]: finished generating maze with width 1 , height 1[0m
[0m[ INFO] [1788753388.534772357]: finished generating maze with width 12 , height 8[0m
0 1 0 0 1 0 1 0 0 0 0 1 0 0 0 0 0 0 0 0
0 1 0 0 1 0 1 0 1 0 0 1 0 0 0 0 0 0 0 0
0 1 0 0 1 0 1 0 1 0 0 1 0 0 0 0 0 0 0 0
0 1 0 0 1 0 1 0 1 0 0 1 0 0 0 0 0 0 0 0
0 1 0 0 1 0 0 0 1 0 0 1 0 0 0 0 0 0 0 0
0 1 1 0 1 0 1 0 1 0 0 1 0 0 0 0 0 0 0 0
0 1 0 0 0 0 1 0 1 0 0 1 0 0 0 0 0 0 0 0
0 1 1 0 1 1 1 0 1 0 0 0 0 0 0 0 0 0 0 0
0 0 0 0 0 0 1 0 1 0 0 1 0 0 0 0 0 0 0 0
0 1 0 0 0 0 1 0 1 0 0 1 0 0 0 0 0 0 0 0
1 1 1 1 1 1 1 0 1 0 0 1 0 0 0 0 0 0 0 0
0 0 0 0 0 0 0 0 1 0 0 1 0 0 0 0 0 0 0 0
0 1 1 1 1 1 1 1 1 1 1 1 0 0 0 0 0 0 0 0
0 0 0 0 0 0 0 0 0 0 0 1 0 0 0 0 0 0 0 0
1 1 1 0 1 1 1 1 1 1 1 1 1 1 1 1 1 1 1 1
0 0 0 0 0 0 0 0 0 0 0 0 0 0 0 0 0 0 0 0
0 0 0 0 0 0 0 0 0 0 0 1 0 0 0 0 0 0 0 0
0 0 0 0 0 0 0 0 0 0 0 1 0 0 0 0 0 0 0 0
0 0 0 0 0 0 0 0 0 0 0 1 0 0 0 0 0 0 0 0
0 0 0 0 0 0 0 0 0 0 0 1 0 0 0 0 0 0 0 0
[0m[ INFO] [1788753388.534887995]: generating maze with width 1 , height 8[0m
[0m[ INFO] [1788753388.534891070]: finished generating maze with width 1 , height 8[0m
[0m[ INFO] [1788753388.534894250]: generating maze with width 12 , height 2[0m
[0m[ INFO] [1788753388.534897091]: finished generating maze with width 12 , height 2[0m
[0m[ INFO] [1788753388.534900011]: generating maze with width 1 , height 2[0m
[0m[ INFO] [1788753388.534903166]: finished generating maze with width 1 , height 2[0m
[0m[ INFO] [1788753388.534907249]: finished generating maze with width 14 , height 11[0m
0 1 0 0 1 0 1 0 0 0 0 1 0 0 0 0 0 0 0 0
0 1 0 0 1 0 1 0 1 0 0 1 0 0 0 0 0 0 0 0
0 1 0 0 1 0 1 0 1 0 0 1 0 0 0 0 0 0 0 0
0 1 0 0 1 0 1 0 1 0 0 1 0 0 0 0 0 0 0 0
0 1 0 0 1 0 0 0 1 0 0 1 0 0 0 0 0 0 0 0
0 1 1 0 1 0 1 0 1 0 0 1 0 0 0 0 0 0 0 0
0 1 0 0 0 0 1 0 1 0 0 1 0 0 0 0 0 0 0 0
0 1 1 0 1 1 1 0 1 0 0 0 0 0 0 0 0 0 0 0
0 0 0 0 0 0 1 0 1 0 0 1 0 0 0 0 0 0 0 0
0 1 0 0 0 0 1 0 1 0 0 1 0 0 0 0 0 0 0 0
1 1 1 1 1 1 1 0 1 0 0 1 0 0 0 0 0 0 0 0
0 0 0 0 0 0 0 0 1 0 0 1 0 0 0 0 0 0 0 0
0 1 1 1 1 1 1 1 1 1 1 1 0 0 0 0 0 0 0 0
0 0 0 0 0 0 0 0 0 0 0 1 0 0 0 0 0 0 0 0
1 1 1 0 1 1 1 1 1 1 1 1 1 1 1 1 1 1 1 1
0 0 0 0 0 0 0 0 0 0 0 0 0 0 0 0 0 0 0 0
0 0 0 0 0 0 0 0 0 0 0 1 0 0 0 0 0 0 0 0
0 0 0 0 0 0 0 0 0 0 0 1 0 0 0 0 0 0 0 0
0 0 0 0 0 0 0 0 0 0 0 1 0 0 0 0 0 0 0 0
0 0 0 0 0 0 0 0 0 0 0 1 0 0 0 0 0 0 0 0
[0m[ INFO] [1788753388.535024219]: generating maze with width 5 , height 11[0m
[0m[ INFO] [1788753388.535027291]: entered 5*5 mode[0m
0 1 0 0 1 0 1 0 0 0 0 1 0 0 0 0 0 0 0 0
0 1 0 0 1 0 1 0 1 0 0 1 0 0 0 0 0 0 0 0
0 1 0 0 1 0 1 0 1 0 0 1 0 0 0 0 0 0 0 0
0 1 0 0 1 0 1 0 1 0 0 1 0 0 0 0 0 0 0 0
0 1 0 0 1 0 0 0 1 0 0 1 0 0 0 0 0 0 0 0
0 1 1 0 1 0 1 0 1 0 0 1 0 0 0 0 0 0 0 0
0 1 0 0 0 0 1 0 1 0 0 1 0 0 0 0 0 0 0 0
0 1 1 0 1 1 1 0 1 0 0 0 0 0 0 0 0 0 0 0
0 0 0 0 0 0 1 0 1 0 0 1 0 0 0 0 0 0 0 0
0 1 0 0 0 0 1 0 1 0 0 1 0 0 0 0 0 0 0 0
1 1 1 1 1 1 1 0 1 0 0 1 0 0 0 0 0 0 0 0
0 0 0 0 0 0 0 0 1 0 0 1 0 0 0 0 0 0 0 0
0 1 1 1 1 1 1 1 1 1 1 1 0 0 0 0 0 0 0 0
0 0 0 0 0 0 0 0 0 0 0 1 0 0 0 0 0 0 0 0
1 1 1 0 1 1 1 1 1 1 1 1 1 1 1 1 1 1 1 1
0 0 0 0 0 0 0 0 0 1 0 0 0 0 0 0 0 0 0 0
0 0 0 0 0 0 0 0 0 0 0 1 0 0 0 0 0 0 0 0
1 0 1 1 1 1 1 1 1 1 0 1 0 0 0 0 0 0 0 0
0 0 0 0 0 0 0 0 0 1 0 1 0 0 0 0 0 0 0 0
0 0 0 0 0 0 0 0 0 1 0 1 0 0 0 0 0 0 0 0
[0m[ INFO] [1788753388.535141070]: generating maze with width 2 , height 9[0m
[0m[ INFO] [1788753388.535144308]: finished generating maze with width 2 , height 9[0m
[0m[ INFO] [1788753388.535147176]: generating maze with width 2 , height 9[0m
[0m[ INFO] [1788753388.535150295]: finished generating maze with width 2 , height 9[0m
[0m[ INFO] [1788753388.535153120]: generating maze with width 2 , height 1[0m
[0m[ INFO] [1788753388.535156120]: finished generating maze with width 2 , height 1[0m
[0m[ INFO] [1788753388.535159018]: generating maze with width 2 , height 1[0m
[0m[ INFO] [1788753388.535161999]: finished generating maze with width 2 , height 1[0m
[0m[ INFO] [1788753388.535164879]: finished generating maze with width 5 , height 11[0m
0 1 0 0 1 0 1 0 0 0 0 1 0 0 0 0 0 0 0 0
0 1 0 0 1 0 1 0 1 0 0 1 0 0 0 0 0 0 0 0
0 1 0 0 1 0 1 0 1 0 0 1 0 0 0 0 0 0 0 0
0 1 0 0 1 0 1 0 1 0 0 1 0 0 0 0 0 0 0 0
0 1 0 0 1 0 0 0 1 0 0 1 0 0 0 0 0 0 0 0
0 1 1 0 1 0 1 0 1 0 0 1 0 0 0 0 0 0 0 0
0 1 0 0 0 0 1 0 1 0 0 1 0 0 0 0 0 0 0 0
0 1 1 0 1 1 1 0 1 0 0 0 0 0 0 0 0 0 0 0
0 0 0 0 0 0 1 0 1 0 0 1 0 0 0 0 0 0 0 0
0 1 0 0 0 0 1 0 1 0 0 1 0 0 0 0 0 0 0 0
1 1 1 1 1 1 1 0 1 0 0 1 0 0 0 0 0 0 0 0
0 0 0 0 0 0 0 0 1 0 0 1 0 0 0 0 0 0 0 0
0 1 1 1 1 1 1 1 1 1 1 1 0 0 0 0 0 0 0 0
0 0 0 0 0 0 0 0 0 0 0 1 0 0 0 0 0 0 0 0
1 1 1 0 1 1 1 1 1 1 1 1 1 1 1 1 1 1 1 1
0 0 0 0 0 0 0 0 0 1 0 0 0 0 0 0 0 0 0 0
0 0 0 0 0 0 0 0 0 0 0 1 0 0 0 0 0 0 0 0
1 0 1 1 1 1 1 1 1 1 0 1 0 0 0 0 0 0 0 0
0 0 0 0 0 0 0 0 0 1 0 1 0 0 0 0 0 0 0 0
0 0 0 0 0 0 0 0 0 1 0 1 0 0 0 0 0 0 0 0
[0m[ INFO] [1788753388.535279425]: generating maze with width 14 , height 8[0m
[0m[ INFO] [1788753388.535282259]: entered 5*5 mode[0m
0 1 0 0 1 0 1 0 0 0 0 1 0 0 0 0 0 0 0 0
0 1 0 0 1 0 1 0 1 0 0 1 1 1 1 1 1 1 1 0
0 1 0 0 1 0 1 0 1 0 0 1 0 0 0 0 0 1 0 0
0 1 0 0 1 0 1 0 1 0 0 1 0 0 0 0 0 1 0 0
0 1 0 0 1 0 0 0 1 0 0 1 0 0 0 0 0 0 0 0
0 1 1 0 1 0 1 0 1 0 0 1 0 0 0 0 0 1 0 0
0 1 0 0 0 0 1 0 1 0 0 1 0 0 0 0 0 1 0 0
0 1 1 0 1 1 1 0 1 0 0 0 0 0 0 0 0 1 0 0
0 0 0 0 0 0 1 0 1 0 0 1 0 0 0 0 0 1 0 0
0 1 0 0 0 0 1 0 1 0 0 1 0 0 0 0 0 1 0 0
1 1 1 1 1 1 1 0 1 0 0 1 0 0 0 0 0 1 0 0
0 0 0 0 0 0 0 0 1 0 0 1 0 0 0 0 0 1 0 0
0 1 1 1 1 1 1 1 1 1 1 1 0 0 0 0 0 1 0 0
0 0 0 0 0 0 0 0 0 0 0 1 0 0 0 0 0 1 0 0
1 1 1 0 1 1 1 1 1 1 1 1 1 1 1 1 1 1 1 1
0 0 0 0 0 0 0 0 0 1 0 0 0 0 0 0 0 0 0 0
0 0 0 0 0 0 0 0 0 0 0 1 0 0 0 0 0 0 0 0
1 0 1 1 1 1 1 1 1 1 0 1 0 0 0 0 0 0 0 0
0 0 0 0 0 0 0 0 0 1 0 1 0 0 0 0 0 0 0 0
0 0 0 0 0 0 0 0 0 1 0 1 0 0 0 0 0 0 0 0
[0m[ INFO] [1788753388.535400979]: generating maze with width 1 , height 5[0m
[0m[ INFO] [1788753388.535403894]: finished generating maze with width 1 , height 5[0m
[0m[ INFO] [1788753388.535406554]: generating maze with width 12 , height 5[0m
[0m[ INFO] [1788753388.535409285]: entered 5*5 mode[0m
0 1 0 0 1 0 1 0 0 0 0 1 0 0 0 0 0 0 0 0
0 1 0 0 1 0 1 0 1 0 0 1 1 1 1 1 1 1 1 0
0 1 0 0 1 0 1 0 1 0 0 1 0 0 0 0 0 1 0 0
0 1 0 0 1 0 1 0 1 0 0 1 1 0 1 1 1 1 0 0
0 1 0 0 1 0 0 0 1 0 0 1 0 0 1 0 0 0 0 0
0 1 1 0 1 0 1 0 1 0 0 1 0 0 0 0 0 1 0 0
0 1 0 0 0 0 1 0 1 0 0 1 0 0 1 0 0 1 0 0
0 1 1 0 1 1 1 0 1 0 0 0 0 0 1 0 0 1 0 0
0 0 0 0 0 0 1 0 1 0 0 1 0 0 1 0 0 1 0 0
0 1 0 0 0 0 1 0 1 0 0 1 0 0 1 0 0 1 0 0
1 1 1 1 1 1 1 0 1 0 0 1 0 0 1 0 0 1 0 0
0 0 0 0 0 0 0 0 1 0 0 1 0 0 1 0 0 1 0 0
0 1 1 1 1 1 1 1 1 1 1 1 0 0 1 0 0 1 0 0
0 0 0 0 0 0 0 0 0 0 0 1 0 0 1 0 0 1 0 0
1 1 1 0 1 1 1 1 1 1 1 1 1 1 1 1 1 1 1 1
0 0 0 0 0 0 0 0 0 1 0 0 0 0 0 0 0 0 0 0
0 0 0 0 0 0 0 0 0 0 0 1 0 0 0 0 0 0 0 0
1 0 1 1 1 1 1 1 1 1 0 1 0 0 0 0 0 0 0 0
0 0 0 0 0 0 0 0 0 1 0 1 0 0 0 0 0 0 0 0
0 0 0 0 0 0 0 0 0 1 0 1 0 0 0 0 0 0 0 0
[0m[ INFO] [1788753388.535525652]: generating maze with width 1 , height 2[0m
[0m[ INFO] [1788753388.535528394]: finished generating maze with width 1 , height 2[0m
[0m[ INFO] [1788753388.535531283]: generating maze with width 10 , height 2[0m
[0m[ INFO] [1788753388.535534097]: finished generating maze with width 10 , height 2[0m
[0m[ INFO] [1788753388.535537033]: generating maze with width 1 , height 2[0m
[0m[ INFO] [1788753388.535540041]: finished generating maze with width 1 , height 2[0m
[0m[ INFO] [1788753388.535542856]: generating maze with width 10 , height 2[0m
[0m[ INFO] [1788753388.535545741]: finished generating maze with width 10 , height 2[0m
[0m[ INFO] [1788753388.535548541]: finished generating maze with width 12 , height 5[0m
0 1 0 0 1 0 1 0 0 0 0 1 0 0 0 0 0 0 0 0
0 1 0 0 1 0 1 0 1 0 0 1 1 1 1 1 1 1 1 0
0 1 0 0 1 0 1 0 1 0 0 1 0 0 0 0 0 1 0 0
0 1 0 0 1 0 1 0 1 0 0 1 1 0 1 1 1 1 0 0
0 1 0 0 1 0 0 0 1 0 0 1 0 0 1 0 0 0 0 0
0 1 1 0 1 0 1 0 1 0 0 1 0 0 0 0 0 1 0 0
0 1 0 0 0 0 1 0 1 0 0 1 0 0 1 0 0 1 0 0
0 1 1 0 1 1 1 0 1 0 0 0 0 0 1 0 0 1 0 0
0 0 0 0 0 0 1 0 1 0 0 1 0 0 1 0 0 1 0 0
0 1 0 0 0 0 1 0 1 0 0 1 0 0 1 0 0 1 0 0
1 1 1 1 1 1 1 0 1 0 0 1 0 0 1 0 0 1 0 0
0 0 0 0 0 0 0 0 1 0 0 1 0 0 1 0 0 1 0 0
0 1 1 1 1 1 1 1 1 1 1 1 0 0 1 0 0 1 0 0
0 0 0 0 0 0 0 0 0 0 0 1 0 0 1 0 0 1 0 0
1 1 1 0 1 1 1 1 1 1 1 1 1 1 1 1 1 1 1 1
0 0 0 0 0 0 0 0 0 1 0 0 0 0 0 0 0 0 0 0
0 0 0 0 0 0 0 0 0 0 0 1 0 0 0 0 0 0 0 0
1 0 1 1 1 1 1 1 1 1 0 1 0 0 0 0 0 0 0 0
0 0 0 0 0 0 0 0 0 1 0 1 0 0 0 0 0 0 0 0
0 0 0 0 0 0 0 0 0 1 0 1 0 0 0 0 0 0 0 0
[0m[ INFO] [1788753388.535666012]: generating maze with width 1 , height 2[0m
[0m[ INFO] [1788753388.535668945]: finished generating maze with width 1 , height 2[0m
[0m[ INFO] [1788753388.535671681]: generating maze with width 12 , height 2[0m
[0m[ INFO] [1788753388.535674468]: finished generating maze with width 12 , height 2[0m
[0m[ INFO] [1788753388.535677375]: finished generating maze with width 14 , height 8[0m
0 1 0 0 1 0 1 0 0 0 0 1 0 0 0 0 0 0 0 0
0 1 0 0 1 0 1 0 1 0 0 1 1 1 1 1 1 1 1 0
0 1 0 0 1 0 1 0 1 0 0 1 0 0 0 0 0 1 0 0
0 1 0 0 1 0 1 0 1 0 0 1 1 0 1 1 1 1 0 0
0 1 0 0 1 0 0 0 1 0 0 1 0 0 1 0 0 0 0 0
0 1 1 0 1 0 1 0 1 0 0 1 0 0 0 0 0 1 0 0
0 1 0 0 0 0 1 0 1 0 0 1 0 0 1 0 0 1 0 0
0 1 1 0 1 1 1 0 1 0 0 0 0 0 1 0 0 1 0 0
0 0 0 0 0 0 1 0 1 0 0 1 0 0 1 0 0 1 0 0
0 1 0 0 0 0 1 0 1 0 0 1 0 0 1 0 0 1 0 0
1 1 1 1 1 1 1 0 1 0 0 1 0 0 1 0 0 1 0 0
0 0 0 0 0 0 0 0 1 0 0 1 0 0 1 0 0 1 0 0
0 1 1 1 1 1 1 1 1 1 1 1 0 0 1 0 0 1 0 0
0 0 0 0 0 0 0 0 0 0 0 1 0 0 1 0 0 1 0 0
1 1 1 0 1 1 1 1 1 1 1 1 1 1 1 1 1 1 1 1
0 0 0 0 0 0 0 0 0 1 0 0 0 0 0 0 0 0 0 0
0 0 0 0 0 0 0 0 0 0 0 1 0 0 0 0 0 0 0 0
1 0 1 1 1 1 1 1 1 1 0 1 0 0 0 0 0 0 0 0
0 0 0 0 0 0 0 0 0 1 0 1 0 0 0 0 0 0 0 0
0 0 0 0 0 0 0 0 0 1 0 1 0 0 0 0 0 0 0 0
[0m[ INFO] [1788753388.535791401]: generating maze with width 5 , height 8[0m
[0m[ INFO] [1788753388.535794291]: entered 5*5 mode[0m
0 1 0 0 1 0 1 0 0 0 0 1 0 0 0 0 0 0 0 0
0 1 0 0 1 0 1 0 1 0 0 1 1 1 1 1 1 1 1 0
0 1 0 0 1 0 1 0 1 0 0 1 0 0 0 0 0 1 0 0
0 1 0 0 1 0 1 0 1 0 0 1 1 0 1 1 1 1 0 0
0 1 0 0 1 0 0 0 1 0 0 1 0 0 1 0 0 0 0 0
0 1 1 0 1 0 1 0 1 0 0 1 0 0 0 0 0 1 0 0
0 1 0 0 0 0 1 0 1 0 0 1 0 0 1 0 0 1 0 0
0 1 1 0 1 1 1 0 1 0 0 0 0 0 1 0 0 1 0 0
0 0 0 0 0 0 1 0 1 0 0 1 0 0 1 0 0 1 0 0
0 1 0 0 0 0 1 0 1 0 0 1 0 0 1 0 0 1 0 0
1 1 1 1 1 1 1 0 1 0 0 1 0 0 1 0 0 1 0 0
0 0 0 0 0 0 0 0 1 0 0 1 0 0 1 0 0 1 0 0
0 1 1 1 1 1 1 1 1 1 1 1 0 0 1 0 0 1 0 0
0 0 0 0 0 0 0 0 0 0 0 1 0 0 1 0 0 1 0 0
1 1 1 0 1 1 1 1 1 1 1 1 1 1 1 1 1 1 1 1
0 0 0 0 0 0 0 0 0 1 0 0 0 0 0 0 0 1 0 0
0 0 0 0 0 0 0 0 0 0 0 1 0 0 0 0 0 1 0 0
1 0 1 1 1 1 1 1 1 1 0 1 1 1 1 1 0 1 0 1
0 0 0 0 0 0 0 0 0 1 0 1 0 0 0 0 0 1 0 0
0 0 0 0 0 0 0 0 0 1 0 1 0 0 0 0 0 0 0 0
[0m[ INFO] [1788753388.535911860]: generating maze with width 2 , height 5[0m
[0m[ INFO] [1788753388.535914857]: finished generating maze with width 2 , height 5[0m
[0m[ INFO] [1788753388.535917736]: generating maze with width 2 , height 5[0m
[0m[ INFO] [1788753388.535920663]: finished generating maze with width 2 , height 5[0m
[0m[ INFO] [1788753388.535923424]: generating maze with width 2 , height 2[0m
[0m[ INFO] [1788753388.535926434]: finished generating maze with width 2 , height 2[0m
[0m[ INFO] [1788753388.535929248]: generating maze with width 2 , height 2[0m
[0m[ INFO] [1788753388.535932035]: finished generating maze with width 2 , height 2[0m
[0m[ INFO] [1788753388.535934844]: finished generating maze with width 5 , height 8[0m
0 1 0 0 1 0 1 0 0 0 0 1 0 0 0 0 0 0 0 0
0 1 0 0 1 0 1 0 1 0 0 1 1 1 1 1 1 1 1 0
0 1 0 0 1 0 1 0 1 0 0 1 0 0 0 0 0 1 0 0
0 1 0 0 1 0 1 0 1 0 0 1 1 0 1 1 1 1 0 0
0 1 0 0 1 0 0 0 1 0 0 1 0 0 1 0 0 0 0 0
0 1 1 0 1 0 1 0 1 0 0 1 0 0 0 0 0 1 0 0
0 1 0 0 0 0 1 0 1 0 0 1 0 0 1 0 0 1 0 0
0 1 1 0 1 1 1 0 1 0 0 0 0 0 1 0 0 1 0 0
0 0 0 0 0 0 1 0 1 0 0 1 0 0 1 0 0 1 0 0
0 1 0 0 0 0 1 0 1 0 0 1 0 0 1 0 0 1 0 0
1 1 1 1 1 1 1 0 1 0 0 1 0 0 1 0 0 1 0 0
0 0 0 0 0 0 0 0 1 0 0 1 0 0 1 0 0 1 0 0
0 1 1 1 1 1 1 1 1 1 1 1 0 0 1 0 0 1 0 0
0 0 0 0 0 0 0 0 0 0 0 1 0 0 1 0 0 1 0 0
1 1 1 0 1 1 1 1 1 1 1 1 1 1 1 1 1 1 1 1
0 0 0 0 0 0 0 0 0 1 0 0 0 0 0 0 0 1 0 0
0 0 0 0 0 0 0 0 0 0 0 1 0 0 0 0 0 1 0 0
1 0 1 1 1 1 1 1 1 1 0 1 1 1 1 1 0 1 0 1
0 0 0 0 0 0 0 0 0 1 0 1 0 0 0 0 0 1 0 0
0 0 0 0 0 0 0 0 0 1 0 1 0 0 0 0 0 0 0 0
[0m[ INFO] [1788753388.536051909]: finished generating maze with width 20 , height 20[0m
0 1 0 0 1 0 1 0 0 0 0 1 0 0 0 0 0 0 0 0
0 1 0 0 1 0 1 0 1 0 0 1 1 1 1 1 1 1 1 0
0 1 0 0 1 0 1 0 1 0 0 1 0 0 0 0 0 1 0 0
0 1 0 0 1 0 1 0 1 0 0 1 1 0 1 1 1 1 0 0
0 1 0 0 1 0 0 0 1 0 0 1 0 0 1 0 0 0 0 0
0 1 1 0 1 0 1 0 1 0 0 1 0 0 0 0 0 1 0 0
0 1 0 0 0 0 1 0 1 0 0 1 0 0 1 0 0 1 0 0
0 1 1 0 1 1 1 0 1 0 0 0 0 0 1 0 0 1 0 0
0 0 0 0 0 0 1 0 1 0 0 1 0 0 1 0 0 1 0 0
0 1 0 0 0 0 1 0 1 0 0 1 0 0 1 0 0 1 0 0
1 1 1 1 1 1 1 0 1 0 0 1 0 0 1 0 0 1 0 0
0 0 0 0 0 0 0 0 1 0 0 1 0 0 1 0 0 1 0 0
0 1 1 1 1 1 1 1 1 1 1 1 0 0 1 0 0 1 0 0
0 0 0 0 0 0 0 0 0 0 0 1 0 0 1 0 0 1 0 0
1 1 1 0 1 1 1 1 1 1 1 1 1 1 1 1 1 1 1 1
0 0 0 0 0 0 0 0 0 1 0 0 0 0 0 0 0 1 0 0
0 0 0 0 0 0 0 0 0 0 0 1 0 0 0 0 0 1 0 0
1 0 1 1 1 1 1 1 1 1 0 1 1 1 1 1 0 1 0 1
0 0 0 0 0 0 0 0 0 1 0 1 0 0 0 0 0 1 0 0
0 0 0 0 0 0 0 0 0 1 0 1 0 0 0 0 0 0 0 0
0 1 0 0 1 0 1 0 0 0 0 1 0 0 0 0 0 0 0 0
0 1 0 0 1 0 1 0 1 0 0 1 1 1 1 1 1 1 1 0
0 1 0 0 1 0 1 0 1 0 0 1 0 0 0 0 0 1 0 0
0 1 0 0 1 0 1 0 1 0 0 1 1 0 1 1 1 1 0 0
0 1 0 0 1 0 0 0 1 0 0 1 0 0 1 0 0 0 0 0
0 1 1 0 1 0 1 0 1 0 0 1 0 0 0 0 0 1 0 0
0 1 0 0 0 0 1 0 1 0 0 1 0 0 1 0 0 1 0 0
0 1 1 0 1 1 1 0 1 0 0 0 0 0 1 0 0 1 0 0
0 0 0 0 0 0 1 0 1 0 0 1 0 0 1 0 0 1 0 0
0 1 0 0 0 0 1 0 1 0 0 1 0 0 1 0 0 1 0 0
1 1 1 1 1 1 1 0 1 0 0 1 0 0 1 0 0 1 0 0
0 0 0 0 0 0 0 0 1 0 0 1 0 0 1 0 0 1 0 0
0 1 1 1 1 1 1 1 1 1 1 1 0 0 1 0 0 1 0 0
0 0 0 0 0 0 0 0 0 0 0 1 0 0 1 0 0 1 0 0
1 1 1 0 1 1 1 1 1 1 1 1 1 1 1 1 1 1 1 1
0 0 0 0 0 0 0 0 0 1 0 0 0 0 0 0 0 1 0 0
0 0 0 0 0 0 0 0 0 0 0 1 0 0 0 0 0 1 0 0
1 0 1 1 1 1 1 1 1 1 0 1 1 1 1 1 0 1 0 1
0 0 0 0 0 0 0 0 0 1 0 1 0 0 0 0 0 1 0 0
0 0 0 0 0 0 0 0 0 1 0 1 0 0 0 0 0 0 0 0
[31m[ERROR] [1788753389.554450470]: Fixed experiment start or goal is occupied after dilation.[0m
[0m[ INFO] [1788753388.541061793]: finish: infill 0.360000%[0m
[31mWARNING: disk usage in log directory [/home/wyx/.ros/log] is over 1GB.
It's recommended that you use the 'rosclean' command.[0m
... logging to /home/wyx/.ros/log/1a6d8bac-aa70-11f1-b0e6-f943f12ceaab/roslaunch-wyx-27991.log
Checking log directory for disk usage. This may take a while.
Press Ctrl-C to interrupt
]2;/home/wyx/tf_paper_exp/scripts/paper_mockamap_benchmark.launch
[1mstarted roslaunch server http://wyx:40017/[0m

SUMMARY
========

PARAMETERS
 * /global_planning_node/Benchmark/CaseId: maze2d_medium_m13...
 * /global_planning_node/Benchmark/Difficulty: medium
 * /global_planning_node/Benchmark/Enabled: False
 * /global_planning_node/Benchmark/EnvironmentFamily: maze2d
 * /global_planning_node/Benchmark/Method: proposed
 * /global_planning_node/Benchmark/RepeatId: 0
 * /global_planning_node/Benchmark/RouteReplayEnabled: False
 * /global_planning_node/Benchmark/RouteReplayFile: 
 * /global_planning_node/Benchmark/RouteSaveEnabled: True
 * /global_planning_node/Benchmark/RouteSaveFile: /home/wyx/tf_rout...
 * /global_planning_node/Benchmark/Variant: csgn_active_exact
 * /global_planning_node/ChiVec: [10000.0, 10000.0...
 * /global_planning_node/Corridor/AllowFallback: False
 * /global_planning_node/Corridor/Method: firi
 * /global_planning_node/Decomp/LocalBBoxForward: 0.5
 * /global_planning_node/Decomp/LocalBBoxLateral: 3.0
 * /global_planning_node/Decomp/LocalBBoxVertical: 3.0
 * /global_planning_node/Decomp/MaxSegmentLength: 3.0
 * /global_planning_node/Decomp/MinOverlapRadius: 0.01
 * /global_planning_node/DilateRadius: 0.5
 * /global_planning_node/Experiment/FixedGoalX: -4.582256317138672
 * /global_planning_node/Experiment/FixedGoalY: -17.233434677124023
 * /global_planning_node/Experiment/FixedGoalZ: 3.494147776291897
 * /global_planning_node/Experiment/FixedStartGoalEnabled: True
 * /global_planning_node/Experiment/FixedStartX: 6.4372711181640625
 * /global_planning_node/Experiment/FixedStartY: 23.116613388061523
 * /global_planning_node/Experiment/FixedStartZ: 0.5
 * /global_planning_node/Experiment/LogDirectory: /tmp/tf_paper_exp
 * /global_planning_node/Experiment/LogEnabled: False
 * /global_planning_node/Experiment/MapSeed: 132004
 * /global_planning_node/Experiment/RouteSeed: 232004
 * /global_planning_node/Experiment/Tag: paper_e1e2_produc...
 * /global_planning_node/GravAcc: 9.8
 * /global_planning_node/HorizDrag: 0.7
 * /global_planning_node/IntegralIntervs: 16
 * /global_planning_node/MapBound: [-25.0, 25.0, -25...
 * /global_planning_node/MapTopic: /voxel_map
 * /global_planning_node/MaxBdrMag: 2.1
 * /global_planning_node/MaxThrust: 12.0
 * /global_planning_node/MaxTiltAngle: 1.05
 * /global_planning_node/MaxVelMag: 4.0
 * /global_planning_node/MinThrust: 2.0
 * /global_planning_node/ParasDrag: 0.01
 * /global_planning_node/RelCostTol: 1e-05
 * /global_planning_node/SmoothingEps: 0.01
 * /global_planning_node/SpeedEps: 0.0001
 * /global_planning_node/TargetTopic: /move_base_simple...
 * /global_planning_node/TfFiri/CandidatePoolSize: 8
 * /global_planning_node/TfFiri/DirectionalWidthWeight: 1.0
 * /global_planning_node/TfFiri/FaceCountWeight: 0.25
 * /global_planning_node/TfFiri/MaxFaces: 24
 * /global_planning_node/TfFiri/Progress: 7.0
 * /global_planning_node/TfFiri/Range: 3.0
 * /global_planning_node/TfSfc/DirectionMode: 1
 * /global_planning_node/TfSfc/InflationStep: 0.1
 * /global_planning_node/TfSfc/MaxFaces: 12
 * /global_planning_node/TfSfc/MaxInflationDistance: 1.0
 * /global_planning_node/TfSfc/MaxObsFaces: 6
 * /global_planning_node/TfSfc/MaxSegmentLength: 1.0
 * /global_planning_node/TfSfc/MinOverlapRadius: 0.04
 * /global_planning_node/TfSfc/SafetyMargin: 0.05
 * /global_planning_node/TfSfc/SamplesPerSegment: 5
 * /global_planning_node/TimeoutRRT: 1.0
 * /global_planning_node/VehicleMass: 0.61
 * /global_planning_node/VertDrag: 0.8
 * /global_planning_node/VoxelWidth: 0.25
 * /global_planning_node/WeightT: 20.0
 * /mockamap_node/add_wall_x: 0
 * /mockamap_node/add_wall_y: 0
 * /mockamap_node/attenuation: 0.1
 * /mockamap_node/complexity: 0.025
 * /mockamap_node/fill: 0.3
 * /mockamap_node/fractal: 1
 * /mockamap_node/maze_type: 1
 * /mockamap_node/obstacle_number: 10
 * /mockamap_node/resolution: 0.25
 * /mockamap_node/road_width: 2.5
 * /mockamap_node/seed: 132004
 * /mockamap_node/type: 3
 * /mockamap_node/update_freq: 1.0
 * /mockamap_node/width_max: 1.5
 * /mockamap_node/width_min: 0.6
 * /mockamap_node/x_length: 50
 * /mockamap_node/y_length: 50
 * /mockamap_node/z_length: 5
 * /rosdistro: noetic
 * /rosversion: 1.17.0

NODES
  /
    global_planning_node (gcopter/global_planning)
    mockamap_node (mockamap/mockamap_node)

auto-starting new master
[1mprocess[master]: started with pid [28018][0m
[1mROS_MASTER_URI=http://localhost:11311[0m
]2;/home/wyx/tf_paper_exp/scripts/paper_mockamap_benchmark.launch http://localhost:11311
[1msetting /run_id to 1a6d8bac-aa70-11f1-b0e6-f943f12ceaab[0m
[1mprocess[rosout-1]: started with pid [28048][0m
started core service [/rosout]
[1mprocess[mockamap_node-2]: started with pid [28055][0m
[1mprocess[global_planning_node-3]: started with pid [28056][0m
[global_planning_node-3] killing on exit
[mockamap_node-2] killing on exit
[rosout-1] killing on exit
[master] killing on exit
shutting down processing monitor...
... shutting down processing monitor complete
[1mdone[0m
