[0m[ INFO] [1788753234.315755129]: TF_ROUTE_SOURCE case_id=perlin3d_medium_m112006_r212006 mode=generated route_file=/home/wyx/tf_route_bank/medium/perlin3d/perlin3d_medium_m112006_r212006.route fingerprint=b9c1239a8f4f3ce5 points=19 segments=18 length_m=43.3876 max_segment_m=3.98026 validation_success=1 validation_samples=721 validation_ms=0.00437 route_io_ms=0.077804 path_search_ms=1000.96[0m
[0m[ INFO] [1788753234.348936913]: TF_NOMINAL_CERT success=0 mapping_valid=1 certificate_valid=1 contained=0 traj_pieces=8 corridors=8 faces_checked=142 max_signed_violation_m=0.0012307 min_margin_m=-0.0012307 worst_piece=4 worst_face=0 worst_tau=0.709743 worst_t=1.42309 cert_ms=0.039099[0m
[0m[ INFO] [1788753234.348953077]: TF_NOMINAL_TIMING path_ms=1000.96 corridor_ms=17.0586 setup_ms=0.202377 opt_ms=14.3187 nominal_after_route_ms=31.5797 cert_ms=0.039099[0m
[0m[ INFO] [1788753232.251059210]: threshold: 0.059204[0m
[0m[ INFO] [1788753232.280823201]: the number of points before optimization is 223999[0m
[0m[ INFO] [1788753232.281867282]: finish: infill 0.279999%[0m
[31mWARNING: disk usage in log directory [/home/wyx/.ros/log] is over 1GB.
It's recommended that you use the 'rosclean' command.[0m
... logging to /home/wyx/.ros/log/bd3964ba-aa6f-11f1-b0e6-f943f12ceaab/roslaunch-wyx-26446.log
Checking log directory for disk usage. This may take a while.
Press Ctrl-C to interrupt
]2;/home/wyx/tf_paper_exp/scripts/paper_mockamap_benchmark.launch
[1mstarted roslaunch server http://wyx:45693/[0m

SUMMARY
========

PARAMETERS
 * /global_planning_node/Benchmark/CaseId: perlin3d_medium_m...
 * /global_planning_node/Benchmark/Difficulty: medium
 * /global_planning_node/Benchmark/Enabled: False
 * /global_planning_node/Benchmark/EnvironmentFamily: perlin3d
 * /global_planning_node/Benchmark/Method: proposed
 * /global_planning_node/Benchmark/RepeatId: 0
 * /global_planning_node/Benchmark/RouteReplayEnabled: False
 * /global_planning_node/Benchmark/RouteReplayFile: 
 * /global_planning_node/Benchmark/RouteSaveEnabled: True
 * /global_planning_node/Benchmark/RouteSaveFile: /home/wyx/tf_rout...
 * /global_planning_node/Benchmark/Variant: csgn_active_exact
 * /global_planning_node/ChiVec: [10000.0, 10000.0...
 * /global_planning_node/Corridor/AllowFallback: False
 * /global_planning_node/Corridor/Method: firi
 * /global_planning_node/Decomp/LocalBBoxForward: 0.5
 * /global_planning_node/Decomp/LocalBBoxLateral: 3.0
 * /global_planning_node/Decomp/LocalBBoxVertical: 3.0
 * /global_planning_node/Decomp/MaxSegmentLength: 3.0
 * /global_planning_node/Decomp/MinOverlapRadius: 0.01
 * /global_planning_node/DilateRadius: 0.5
 * /global_planning_node/Experiment/FixedGoalX: -4.582256317138672
 * /global_planning_node/Experiment/FixedGoalY: -17.233434677124023
 * /global_planning_node/Experiment/FixedGoalZ: 3.494147776291897
 * /global_planning_node/Experiment/FixedStartGoalEnabled: True
 * /global_planning_node/Experiment/FixedStartX: 6.4372711181640625
 * /global_planning_node/Experiment/FixedStartY: 23.116613388061523
 * /global_planning_node/Experiment/FixedStartZ: 0.5
 * /global_planning_node/Experiment/LogDirectory: /tmp/tf_paper_exp
 * /global_planning_node/Experiment/LogEnabled: False
 * /global_planning_node/Experiment/MapSeed: 112006
 * /global_planning_node/Experiment/RouteSeed: 212006
 * /global_planning_node/Experiment/Tag: paper_e1e2_produc...
 * /global_planning_node/GravAcc: 9.8
 * /global_planning_node/HorizDrag: 0.7
 * /global_planning_node/IntegralIntervs: 16
 * /global_planning_node/MapBound: [-25.0, 25.0, -25...
 * /global_planning_node/MapTopic: /voxel_map
 * /global_planning_node/MaxBdrMag: 2.1
 * /global_planning_node/MaxThrust: 12.0
 * /global_planning_node/MaxTiltAngle: 1.05
 * /global_planning_node/MaxVelMag: 4.0
 * /global_planning_node/MinThrust: 2.0
 * /global_planning_node/ParasDrag: 0.01
 * /global_planning_node/RelCostTol: 1e-05
 * /global_planning_node/SmoothingEps: 0.01
 * /global_planning_node/SpeedEps: 0.0001
 * /global_planning_node/TargetTopic: /move_base_simple...
 * /global_planning_node/TfFiri/CandidatePoolSize: 8
 * /global_planning_node/TfFiri/DirectionalWidthWeight: 1.0
 * /global_planning_node/TfFiri/FaceCountWeight: 0.25
 * /global_planning_node/TfFiri/MaxFaces: 24
 * /global_planning_node/TfFiri/Progress: 7.0
 * /global_planning_node/TfFiri/Range: 3.0
 * /global_planning_node/TfSfc/DirectionMode: 1
 * /global_planning_node/TfSfc/InflationStep: 0.1
 * /global_planning_node/TfSfc/MaxFaces: 12
 * /global_planning_node/TfSfc/MaxInflationDistance: 1.0
 * /global_planning_node/TfSfc/MaxObsFaces: 6
 * /global_planning_node/TfSfc/MaxSegmentLength: 1.0
 * /global_planning_node/TfSfc/MinOverlapRadius: 0.04
 * /global_planning_node/TfSfc/SafetyMargin: 0.05
 * /global_planning_node/TfSfc/SamplesPerSegment: 5
 * /global_planning_node/TimeoutRRT: 1.0
 * /global_planning_node/VehicleMass: 0.61
 * /global_planning_node/VertDrag: 0.8
 * /global_planning_node/VoxelWidth: 0.25
 * /global_planning_node/WeightT: 20.0
 * /mockamap_node/add_wall_x: 0
 * /mockamap_node/add_wall_y: 0
 * /mockamap_node/attenuation: 0.1
 * /mockamap_node/complexity: 0.025
 * /mockamap_node/fill: 0.28
 * /mockamap_node/fractal: 1
 * /mockamap_node/maze_type: 1
 * /mockamap_node/obstacle_number: 10
 * /mockamap_node/resolution: 0.25
 * /mockamap_node/road_width: 3.0
 * /mockamap_node/seed: 112006
 * /mockamap_node/type: 1
 * /mockamap_node/update_freq: 1.0
 * /mockamap_node/width_max: 1.5
 * /mockamap_node/width_min: 0.6
 * /mockamap_node/x_length: 50
 * /mockamap_node/y_length: 50
 * /mockamap_node/z_length: 5
 * /rosdistro: noetic
 * /rosversion: 1.17.0

NODES
  /
    global_planning_node (gcopter/global_planning)
    mockamap_node (mockamap/mockamap_node)

auto-starting new master
[1mprocess[master]: started with pid [26473][0m
[1mROS_MASTER_URI=http://localhost:11311[0m
]2;/home/wyx/tf_paper_exp/scripts/paper_mockamap_benchmark.launch http://localhost:11311
[1msetting /run_id to bd3964ba-aa6f-11f1-b0e6-f943f12ceaab[0m
[1mprocess[rosout-1]: started with pid [26502][0m
started core service [/rosout]
[1mprocess[mockamap_node-2]: started with pid [26509][0m
[1mprocess[global_planning_node-3]: started with pid [26510][0m
[global_planning_node-3] killing on exit
[mockamap_node-2] killing on exit
[rosout-1] killing on exit
[master] killing on exit
shutting down processing monitor...
... shutting down processing monitor complete
[1mdone[0m
